AR or8_mxilinx_seven_seg_new behavioral "C:/Users/Nilanka Manoj/Documents/FINAL LAB RESOUSES/New folder (3)/PROCESSOR_6_BITS_FINAL/SEVEN_SEG_NEW.vhf" sub02/vhpl223 1481268764
EN mux_8way_3bit_muser_seven_seg_new NULL "C:/Users/Nilanka Manoj/Documents/FINAL LAB RESOUSES/New folder (3)/PROCESSOR_6_BITS_FINAL/SEVEN_SEG_NEW.vhf" sub02/vhpl236 1481268777
EN adder_4_muser_processor_6bits NULL "C:/Users/Nilanka Manoj/Documents/FINAL LAB RESOUSES/New folder (3)/PROCESSOR_6_BITS_FINAL2/PROCESSOR_6_BITS_FINAL/PROCESSOR_6BITS.vhf" sub00/vhpl02 1481711944
EN mux_2_3 NULL "C:/Users/Nilanka Manoj/Documents/FINAL LAB RESOUSES/New folder (3)/PROCESSOR_6_BITS_FINAL2/PROCESSOR_6_BITS_FINAL/MUX_2_3.vhf" sub01/vhpl168 1481712108
EN mux_2_4 NULL "C:/Users/Nilanka Manoj/Documents/FINAL LAB RESOUSES/New folder (3)/PROCESSOR_6_BITS_FINAL2/PROCESSOR_6_BITS_FINAL/MUX_2_4.vhf" sub01/vhpl104 1481712112
EN or8_mxilinx_mux_8way4_bit NULL "C:/Users/Nilanka Manoj/Documents/FINAL LAB RESOUSES/New folder (3)/PROCESSOR_6_BITS_FINAL2/PROCESSOR_6_BITS_FINAL/MUX_8WAY4_BIT.vhf" sub01/vhpl170 1481712114
AR sequence_2_muser_seven_seg_6 behavioral "C:/Users/Nilanka Manoj/Documents/FINAL LAB RESOUSES/New folder (3)/PROCESSOR_6_BITS_FINAL/SEVEN_SEG_6.vhf" sub01/vhpl127 1481269997
EN mux_2_t0_1_muser_processor_6bits NULL "C:/Users/Nilanka Manoj/Documents/FINAL LAB RESOUSES/New folder (3)/PROCESSOR_6_BITS_FINAL2/PROCESSOR_6_BITS_FINAL/PROCESSOR_6BITS.vhf" sub00/vhpl18 1481711920
EN counter_4 NULL "C:/Users/Nilanka Manoj/Documents/FINAL LAB RESOUSES/New folder (3)/PROCESSOR_6_BITS_FINAL2/PROCESSOR_6_BITS_FINAL/COUNTER_4.vhf" sub00/vhpl78 1481711992
EN mux_8way4_bit NULL "C:/Users/Nilanka Manoj/Documents/FINAL LAB RESOUSES/New folder (3)/PROCESSOR_6_BITS_FINAL2/PROCESSOR_6_BITS_FINAL/MUX_8WAY4_BIT.vhf" sub01/vhpl174 1481712118
AR mux_8to1_muser_mux_8way4_bit behavioral "C:/Users/Nilanka Manoj/Documents/FINAL LAB RESOUSES/New folder (3)/PROCESSOR_6_BITS_FINAL2/PROCESSOR_6_BITS_FINAL/MUX_8WAY4_BIT.vhf" sub01/vhpl173 1481712117
EN and_3_muser_seven_seg_final NULL "C:/Users/Nilanka Manoj/Documents/FINAL LAB RESOUSES/New folder (3)/PROCESSOR_6_BITS_FINAL2/PROCESSOR_6_BITS_FINAL/SEVEN_SEG_FINAL.vhf" sub02/vhpl279 1481712054
AR sequence_muser_system_clk behavioral "C:/Users/Nilanka Manoj/Documents/FINAL LAB RESOUSES/New folder (3)/PROCESSOR_6_BITS_FINAL2/PROCESSOR_6_BITS_FINAL/SYSTEM_CLK.vhf" sub03/vhpl348 1481711604
EN au_6bits_muser_processor_6bits NULL "C:/Users/Nilanka Manoj/Documents/FINAL LAB RESOUSES/New folder (3)/PROCESSOR_6_BITS_FINAL2/PROCESSOR_6_BITS_FINAL/PROCESSOR_6BITS.vhf" sub00/vhpl56 1481711970
AR decoder_3to8 behavioral "C:/Users/Nilanka Manoj/Documents/FINAL LAB RESOUSES/New folder (3)/PROCESSOR_6_BITS_FINAL2/PROCESSOR_6_BITS_FINAL/DECODER_3TO8.vhf" sub01/vhpl149 1481712089
AR reg_bank_8_6 behavioral "C:/Users/Nilanka Manoj/Documents/FINAL LAB RESOUSES/New folder (3)/PROCESSOR_6_BITS_FINAL2/PROCESSOR_6_BITS_FINAL/REG_BANK_8_6.vhf" sub01/vhpl123 1481712033
AR mux_8to1 behavioral "C:/Users/Nilanka Manoj/Documents/FINAL LAB RESOUSES/New folder (3)/PROCESSOR_6_BITS_FINAL2/PROCESSOR_6_BITS_FINAL/MUX_8TO1.vhf" sub02/vhpl207 1481712165
EN mux_8way4_bit_muser_seven_seg_6 NULL "C:/Users/Nilanka Manoj/Documents/FINAL LAB RESOUSES/New folder (3)/PROCESSOR_6_BITS_FINAL/SEVEN_SEG_6.vhf" sub01/vhpl136 1481270006
MO CNVRT_1 NULL convert_1.v vlg41/_c_n_v_r_t__1.bin 1481711899
AR cb16ce_mxilinx_processor_6bits behavioral "C:/Users/Nilanka Manoj/Documents/FINAL LAB RESOUSES/New folder (3)/PROCESSOR_6_BITS_FINAL2/PROCESSOR_6_BITS_FINAL/PROCESSOR_6BITS.vhf" sub03/vhpl312 1481711909
EN fa_muser_processor_6bits NULL "C:/Users/Nilanka Manoj/Documents/FINAL LAB RESOUSES/New folder (3)/PROCESSOR_6_BITS_FINAL2/PROCESSOR_6_BITS_FINAL/PROCESSOR_6BITS.vhf" sub00/vhpl54 1481711968
AR fd_delay_muser_sys_clk behavioral "C:/Users/Nilanka Manoj/Documents/FINAL LAB RESOUSES/New folder (3)/PROCESSOR_6_BITS_FINAL/SYS_CLK.vhf" sub03/vhpl300 1481367132
EN mux_8to1_muser_mux_8way_6bits_2 NULL "C:/Users/Nilanka Manoj/Documents/FINAL LAB RESOUSES/New folder (3)/PROCESSOR_6_BITS_FINAL2/PROCESSOR_6_BITS_FINAL/MUX_8WAY_6BITS_2.vhf" sub01/vhpl108 1481712018
AR adder_4 behavioral "C:/Users/Nilanka Manoj/Documents/FINAL LAB RESOUSES/New folder (3)/PROCESSOR_6_BITS_FINAL2/PROCESSOR_6_BITS_FINAL/ADDER_4.vhf" sub00/vhpl67 1481711981
AR and_3_muser_ins_dec_2 behavioral "C:/Users/Nilanka Manoj/Documents/FINAL LAB RESOUSES/New folder (3)/PROCESSOR_6_BITS_FINAL2/PROCESSOR_6_BITS_FINAL/INS_DEC_2.vhf" sub00/vhpl89 1481712003
AR mux_8way_6bits_2_muser_processor_6bits behavioral "C:/Users/Nilanka Manoj/Documents/FINAL LAB RESOUSES/New folder (3)/PROCESSOR_6_BITS_FINAL2/PROCESSOR_6_BITS_FINAL/PROCESSOR_6BITS.vhf" sub00/vhpl59 1481711973
EN ha_muser_fa NULL "C:/Users/Nilanka Manoj/Documents/FINAL LAB RESOUSES/New folder (3)/PROCESSOR_6_BITS_FINAL2/PROCESSOR_6_BITS_FINAL/FA.vhf" sub01/vhpl150 1481712090
AR lut behavioral "C:/Users/Nilanka Manoj/Documents/FINAL LAB RESOUSES/New folder (3)/PROCESSOR_6_BITS_FINAL2/PROCESSOR_6_BITS_FINAL/LUT.vhf" sub01/vhpl161 1481712101
AR sequence_2_muser_seven_seg_new behavioral "C:/Users/Nilanka Manoj/Documents/FINAL LAB RESOUSES/New folder (3)/PROCESSOR_6_BITS_FINAL/SEVEN_SEG_NEW.vhf" sub02/vhpl231 1481268772
EN mux_8way_6bit_muser_seven_seg_new NULL "C:/Users/Nilanka Manoj/Documents/FINAL LAB RESOUSES/New folder (3)/PROCESSOR_6_BITS_FINAL/SEVEN_SEG_NEW.vhf" sub02/vhpl238 1481268779
EN seven_seg_final_muser_processor_6bits NULL "C:/Users/Nilanka Manoj/Documents/FINAL LAB RESOUSES/New folder (3)/PROCESSOR_6_BITS_FINAL2/PROCESSOR_6_BITS_FINAL/PROCESSOR_6BITS.vhf" sub02/vhpl257 1481711940
AR pr_3 behavioral "C:/Users/Nilanka Manoj/Documents/FINAL LAB RESOUSES/New folder (3)/PROCESSOR_6_BITS_FINAL2/PROCESSOR_6_BITS_FINAL/PR_3.vhf" sub02/vhpl251 1481710725
EN mux_8to1_muser_seven_seg_6 NULL "C:/Users/Nilanka Manoj/Documents/FINAL LAB RESOUSES/New folder (3)/PROCESSOR_6_BITS_FINAL/SEVEN_SEG_6.vhf" sub01/vhpl134 1481270004
EN sequence_3_muser_processor_6bits NULL "C:/Users/Nilanka Manoj/Documents/FINAL LAB RESOUSES/New folder (3)/PROCESSOR_6_BITS_FINAL2/PROCESSOR_6_BITS_FINAL/PROCESSOR_6BITS.vhf" sub03/vhpl349 1481710124
AR and8_mxilinx_sys_clk_adepder behavioral "C:/Users/Nilanka Manoj/Documents/FINAL LAB RESOUSES/New folder (3)/PROCESSOR_6_BITS_FINAL2/PROCESSOR_6_BITS_FINAL/sys_clk_adepder.vhf" sub03/vhpl336 1481712135
AR processor_6bits behavioral "C:/Users/Nilanka Manoj/Documents/FINAL LAB RESOUSES/New folder (3)/PROCESSOR_6_BITS_FINAL2/PROCESSOR_6_BITS_FINAL/PROCESSOR_6BITS.vhf" sub00/vhpl63 1481711977
EN fd_3_muser_processor_6bits NULL "C:/Users/Nilanka Manoj/Documents/FINAL LAB RESOUSES/New folder (3)/PROCESSOR_6_BITS_FINAL2/PROCESSOR_6_BITS_FINAL/PROCESSOR_6BITS.vhf" sub00/vhpl08 1481711950
EN fd_delay_muser_sys_clk NULL "C:/Users/Nilanka Manoj/Documents/FINAL LAB RESOUSES/New folder (3)/PROCESSOR_6_BITS_FINAL/SYS_CLK.vhf" sub02/vhpl299 1481367131
EN mux_8way_3bit_muser_processor_6bits NULL "C:/Users/Nilanka Manoj/Documents/FINAL LAB RESOUSES/New folder (3)/PROCESSOR_6_BITS_FINAL2/PROCESSOR_6_BITS_FINAL/PROCESSOR_6BITS.vhf" sub00/vhpl40 1481711934
EN or8_mxilinx_seven_seg_final NULL "C:/Users/Nilanka Manoj/Documents/FINAL LAB RESOUSES/New folder (3)/PROCESSOR_6_BITS_FINAL2/PROCESSOR_6_BITS_FINAL/SEVEN_SEG_FINAL.vhf" sub02/vhpl267 1481712042
AR reg_4_muser_processor_6bits behavioral "C:/Users/Nilanka Manoj/Documents/FINAL LAB RESOUSES/New folder (3)/PROCESSOR_6_BITS_FINAL2/PROCESSOR_6_BITS_FINAL/PROCESSOR_6BITS.vhf" sub00/vhpl49 1481711965
AR seven_seg_6 behavioral "C:/Users/Nilanka Manoj/Documents/FINAL LAB RESOUSES/New folder (3)/PROCESSOR_6_BITS_FINAL/SEVEN_SEG_6.vhf" sub01/vhpl145 1481270015
EN mux_2_to_1_muser_mux_2way_6bit NULL "C:/Users/Nilanka Manoj/Documents/FINAL LAB RESOUSES/New folder (3)/PROCESSOR_6_BITS_FINAL2/PROCESSOR_6_BITS_FINAL/MUX_2WAY_6BIT.vhf" sub01/vhpl162 1481712102
EN nor6_mxilinx_au_6bits NULL "C:/Users/Nilanka Manoj/Documents/FINAL LAB RESOUSES/New folder (3)/PROCESSOR_6_BITS_FINAL2/PROCESSOR_6_BITS_FINAL/AU_6BITS.vhf" sub00/vhpl68 1481711982
AR mux_8way_3bit_muser_processor_6bits behavioral "C:/Users/Nilanka Manoj/Documents/FINAL LAB RESOUSES/New folder (3)/PROCESSOR_6_BITS_FINAL2/PROCESSOR_6_BITS_FINAL/PROCESSOR_6BITS.vhf" sub00/vhpl41 1481711935
AR or8_mxilinx_mux_8to1 behavioral "C:/Users/Nilanka Manoj/Documents/FINAL LAB RESOUSES/New folder (3)/PROCESSOR_6_BITS_FINAL2/PROCESSOR_6_BITS_FINAL/MUX_8TO1.vhf" sub02/vhpl205 1481712163
AR mux_8way_3bit_muser_mux_8way_6bits_2 behavioral "C:/Users/Nilanka Manoj/Documents/FINAL LAB RESOUSES/New folder (3)/PROCESSOR_6_BITS_FINAL2/PROCESSOR_6_BITS_FINAL/MUX_8WAY_6BITS_2.vhf" sub01/vhpl111 1481712021
EN decoder_3to8_muser_reg_bank_8_6 NULL "C:/Users/Nilanka Manoj/Documents/FINAL LAB RESOUSES/New folder (3)/PROCESSOR_6_BITS_FINAL2/PROCESSOR_6_BITS_FINAL/REG_BANK_8_6.vhf" sub01/vhpl120 1481712030
AR mux_8way_6bit_muser_mux_8way_6bits_2 behavioral "C:/Users/Nilanka Manoj/Documents/FINAL LAB RESOUSES/New folder (3)/PROCESSOR_6_BITS_FINAL2/PROCESSOR_6_BITS_FINAL/MUX_8WAY_6BITS_2.vhf" sub01/vhpl113 1481712023
AR and_3_muser_seven_seg_6 behavioral "C:/Users/Nilanka Manoj/Documents/FINAL LAB RESOUSES/New folder (3)/PROCESSOR_6_BITS_FINAL/SEVEN_SEG_6.vhf" sub01/vhpl131 1481270001
AR fd_3_muser_processor_6bits behavioral "C:/Users/Nilanka Manoj/Documents/FINAL LAB RESOUSES/New folder (3)/PROCESSOR_6_BITS_FINAL2/PROCESSOR_6_BITS_FINAL/PROCESSOR_6BITS.vhf" sub00/vhpl09 1481711951
AR adder_4_muser_processor_6bits behavioral "C:/Users/Nilanka Manoj/Documents/FINAL LAB RESOUSES/New folder (3)/PROCESSOR_6_BITS_FINAL2/PROCESSOR_6_BITS_FINAL/PROCESSOR_6BITS.vhf" sub00/vhpl03 1481711945
EN mux_8to1_muser_mux_8way_6bit NULL "C:/Users/Nilanka Manoj/Documents/FINAL LAB RESOUSES/New folder (3)/PROCESSOR_6_BITS_FINAL2/PROCESSOR_6_BITS_FINAL/MUX_8WAY_6BIT.vhf" sub01/vhpl178 1481712122
AR mux_8to1_muser_mux_8way_6bit behavioral "C:/Users/Nilanka Manoj/Documents/FINAL LAB RESOUSES/New folder (3)/PROCESSOR_6_BITS_FINAL2/PROCESSOR_6_BITS_FINAL/MUX_8WAY_6BIT.vhf" sub01/vhpl179 1481712123
EN and16_mxilinx_system_clk NULL "C:/Users/Nilanka Manoj/Documents/FINAL LAB RESOUSES/New folder (3)/PROCESSOR_6_BITS_FINAL2/PROCESSOR_6_BITS_FINAL/SYSTEM_CLK.vhf" sub03/vhpl319 1481712068
AR ha_muser_processor_6bits behavioral "C:/Users/Nilanka Manoj/Documents/FINAL LAB RESOUSES/New folder (3)/PROCESSOR_6_BITS_FINAL2/PROCESSOR_6_BITS_FINAL/PROCESSOR_6BITS.vhf" sub00/vhpl01 1481711943
AR lut_muser_seven_seg_new behavioral "C:/Users/Nilanka Manoj/Documents/FINAL LAB RESOUSES/New folder (3)/PROCESSOR_6_BITS_FINAL/SEVEN_SEG_NEW.vhf" sub02/vhpl217 1481268758
AR mux_2_3_muser_processor_6bits behavioral "C:/Users/Nilanka Manoj/Documents/FINAL LAB RESOUSES/New folder (3)/PROCESSOR_6_BITS_FINAL2/PROCESSOR_6_BITS_FINAL/PROCESSOR_6BITS.vhf" sub00/vhpl21 1481711959
EN mux_8to1_muser_mux_8way_3bit NULL "C:/Users/Nilanka Manoj/Documents/FINAL LAB RESOUSES/New folder (3)/PROCESSOR_6_BITS_FINAL2/PROCESSOR_6_BITS_FINAL/MUX_8WAY_3BIT.vhf" sub01/vhpl198 1481712156
EN cnvert_2_muser_seven_seg_final NULL "C:/Users/Nilanka Manoj/Documents/FINAL LAB RESOUSES/New folder (3)/PROCESSOR_6_BITS_FINAL2/PROCESSOR_6_BITS_FINAL/SEVEN_SEG_FINAL.vhf" sub02/vhpl259 1481712034
AR seven_seg_6_muser_processor_6bits behavioral "C:/Users/Nilanka Manoj/Documents/FINAL LAB RESOUSES/New folder (3)/PROCESSOR_6_BITS_FINAL/PROCESSOR_6BITS.vhf" sub00/vhpl47 1481269893
EN mux_8way4_bit_muser_processor_6bits NULL "C:/Users/Nilanka Manoj/Documents/FINAL LAB RESOUSES/New folder (3)/PROCESSOR_6_BITS_FINAL2/PROCESSOR_6_BITS_FINAL/PROCESSOR_6BITS.vhf" sub00/vhpl38 1481711928
AR decoder_3to8_muser_processor_6bits behavioral "C:/Users/Nilanka Manoj/Documents/FINAL LAB RESOUSES/New folder (3)/PROCESSOR_6_BITS_FINAL2/PROCESSOR_6_BITS_FINAL/PROCESSOR_6BITS.vhf" sub00/vhpl23 1481711961
AR sequence_2_muser_system_clk behavioral "C:/Users/Nilanka Manoj/Documents/FINAL LAB RESOUSES/New folder (3)/PROCESSOR_6_BITS_FINAL2/PROCESSOR_6_BITS_FINAL/SYSTEM_CLK.vhf" sub03/vhpl330 1481712065
EN cb8ce_mxilinx_processor_6bits NULL "C:/Users/Nilanka Manoj/Documents/FINAL LAB RESOUSES/New folder (3)/PROCESSOR_6_BITS_FINAL2/PROCESSOR_6_BITS_FINAL/PROCESSOR_6BITS.vhf" sub03/vhpl309 1481711906
EN seven_seg_final NULL "C:/Users/Nilanka Manoj/Documents/FINAL LAB RESOUSES/New folder (3)/PROCESSOR_6_BITS_FINAL2/PROCESSOR_6_BITS_FINAL/SEVEN_SEG_FINAL.vhf" sub02/vhpl287 1481712062
AR sys_clk_adepder_muser_processor_6bits behavioral "C:/Users/Nilanka Manoj/Documents/FINAL LAB RESOUSES/New folder (3)/PROCESSOR_6_BITS_FINAL2/PROCESSOR_6_BITS_FINAL/PROCESSOR_6BITS.vhf" sub03/vhpl314 1481711911
EN ins_dec_2_muser_processor_6bits NULL "C:/Users/Nilanka Manoj/Documents/FINAL LAB RESOUSES/New folder (3)/PROCESSOR_6_BITS_FINAL2/PROCESSOR_6_BITS_FINAL/PROCESSOR_6BITS.vhf" sub00/vhpl24 1481711962
AR sys_clk behavioral "C:/Users/Nilanka Manoj/Documents/FINAL LAB RESOUSES/New folder (3)/PROCESSOR_6_BITS_FINAL/SYS_CLK.vhf" sub03/vhpl302 1481367134
EN ha_muser_seven_seg_new NULL "C:/Users/Nilanka Manoj/Documents/FINAL LAB RESOUSES/New folder (3)/PROCESSOR_6_BITS_FINAL/SEVEN_SEG_NEW.vhf" sub02/vhpl218 1481268759
EN mux_2_t0_1_muser_mux_2_3 NULL "C:/Users/Nilanka Manoj/Documents/FINAL LAB RESOUSES/New folder (3)/PROCESSOR_6_BITS_FINAL2/PROCESSOR_6_BITS_FINAL/MUX_2_3.vhf" sub01/vhpl166 1481712106
AR mux_2_to_1_muser_mux_2way_6bit behavioral "C:/Users/Nilanka Manoj/Documents/FINAL LAB RESOUSES/New folder (3)/PROCESSOR_6_BITS_FINAL2/PROCESSOR_6_BITS_FINAL/MUX_2WAY_6BIT.vhf" sub01/vhpl163 1481712103
EN mux_8to1 NULL "C:/Users/Nilanka Manoj/Documents/FINAL LAB RESOUSES/New folder (3)/PROCESSOR_6_BITS_FINAL2/PROCESSOR_6_BITS_FINAL/MUX_8TO1.vhf" sub02/vhpl206 1481712164
EN mux_2_t0_1_muser_mux_2_4 NULL "C:/Users/Nilanka Manoj/Documents/FINAL LAB RESOUSES/New folder (3)/PROCESSOR_6_BITS_FINAL2/PROCESSOR_6_BITS_FINAL/MUX_2_4.vhf" sub01/vhpl102 1481712110
AR and_3_muser_seven_seg_final behavioral "C:/Users/Nilanka Manoj/Documents/FINAL LAB RESOUSES/New folder (3)/PROCESSOR_6_BITS_FINAL2/PROCESSOR_6_BITS_FINAL/SEVEN_SEG_FINAL.vhf" sub02/vhpl280 1481712055
AR or8_mxilinx_seven_seg_6 behavioral "C:/Users/Nilanka Manoj/Documents/FINAL LAB RESOUSES/New folder (3)/PROCESSOR_6_BITS_FINAL/SEVEN_SEG_6.vhf" sub01/vhpl133 1481270003
EN mux_8to1_muser_mux_8way4_bit NULL "C:/Users/Nilanka Manoj/Documents/FINAL LAB RESOUSES/New folder (3)/PROCESSOR_6_BITS_FINAL2/PROCESSOR_6_BITS_FINAL/MUX_8WAY4_BIT.vhf" sub01/vhpl172 1481712116
AR ftce_mxilinx_sys_clk_adepder behavioral "C:/Users/Nilanka Manoj/Documents/FINAL LAB RESOUSES/New folder (3)/PROCESSOR_6_BITS_FINAL2/PROCESSOR_6_BITS_FINAL/sys_clk_adepder.vhf" sub03/vhpl340 1481712139
AR mux_8to1_muser_seven_seg_6 behavioral "C:/Users/Nilanka Manoj/Documents/FINAL LAB RESOUSES/New folder (3)/PROCESSOR_6_BITS_FINAL/SEVEN_SEG_6.vhf" sub01/vhpl135 1481270005
AR reg_6 behavioral "C:/Users/Nilanka Manoj/Documents/FINAL LAB RESOUSES/New folder (3)/PROCESSOR_6_BITS_FINAL2/PROCESSOR_6_BITS_FINAL/REG_6.vhf" sub01/vhpl187 1481712131
EN sequence_muser_seven_seg_new NULL "C:/Users/Nilanka Manoj/Documents/FINAL LAB RESOUSES/New folder (3)/PROCESSOR_6_BITS_FINAL/SEVEN_SEG_NEW.vhf" sub02/vhpl228 1481268769
EN converter_muser_processor_6bits NULL "C:/Users/Nilanka Manoj/Documents/FINAL LAB RESOUSES/New folder (3)/PROCESSOR_6_BITS_FINAL/PROCESSOR_6BITS.vhf" sub02/vhpl208 1481268641
EN sys_clk_adepder NULL "C:/Users/Nilanka Manoj/Documents/FINAL LAB RESOUSES/New folder (3)/PROCESSOR_6_BITS_FINAL2/PROCESSOR_6_BITS_FINAL/sys_clk_adepder.vhf" sub03/vhpl345 1481712144
AR mux_8way_3bit behavioral "C:/Users/Nilanka Manoj/Documents/FINAL LAB RESOUSES/New folder (3)/PROCESSOR_6_BITS_FINAL2/PROCESSOR_6_BITS_FINAL/MUX_8WAY_3BIT.vhf" sub02/vhpl201 1481712159
EN reg_4_muser_counter_4 NULL "C:/Users/Nilanka Manoj/Documents/FINAL LAB RESOUSES/New folder (3)/PROCESSOR_6_BITS_FINAL2/PROCESSOR_6_BITS_FINAL/COUNTER_4.vhf" sub00/vhpl76 1481711990
EN and8_mxilinx_sys_clk_adepder NULL "C:/Users/Nilanka Manoj/Documents/FINAL LAB RESOUSES/New folder (3)/PROCESSOR_6_BITS_FINAL2/PROCESSOR_6_BITS_FINAL/sys_clk_adepder.vhf" sub03/vhpl335 1481712134
EN system_clk_muser_processor_6bits NULL "C:/Users/Nilanka Manoj/Documents/FINAL LAB RESOUSES/New folder (3)/PROCESSOR_6_BITS_FINAL2/PROCESSOR_6_BITS_FINAL/PROCESSOR_6BITS.vhf" sub03/vhpl315 1481711914
AR or8_mxilinx_mux_8way4_bit behavioral "C:/Users/Nilanka Manoj/Documents/FINAL LAB RESOUSES/New folder (3)/PROCESSOR_6_BITS_FINAL2/PROCESSOR_6_BITS_FINAL/MUX_8WAY4_BIT.vhf" sub01/vhpl171 1481712115
EN ha_muser_adder_4 NULL "C:/Users/Nilanka Manoj/Documents/FINAL LAB RESOUSES/New folder (3)/PROCESSOR_6_BITS_FINAL2/PROCESSOR_6_BITS_FINAL/ADDER_4.vhf" sub00/vhpl64 1481711978
EN ha_muser_au_6bits NULL "C:/Users/Nilanka Manoj/Documents/FINAL LAB RESOUSES/New folder (3)/PROCESSOR_6_BITS_FINAL2/PROCESSOR_6_BITS_FINAL/AU_6BITS.vhf" sub00/vhpl70 1481711984
AR cnvert_3_muser_seven_seg_final behavioral "C:/Users/Nilanka Manoj/Documents/FINAL LAB RESOUSES/New folder (3)/PROCESSOR_6_BITS_FINAL2/PROCESSOR_6_BITS_FINAL/SEVEN_SEG_FINAL.vhf" sub02/vhpl262 1481712037
AR reg_bank_8_6_muser_processor_6bits behavioral "C:/Users/Nilanka Manoj/Documents/FINAL LAB RESOUSES/New folder (3)/PROCESSOR_6_BITS_FINAL2/PROCESSOR_6_BITS_FINAL/PROCESSOR_6BITS.vhf" sub00/vhpl61 1481711975
EN mux_8way_6bits_2 NULL "C:/Users/Nilanka Manoj/Documents/FINAL LAB RESOUSES/New folder (3)/PROCESSOR_6_BITS_FINAL2/PROCESSOR_6_BITS_FINAL/MUX_8WAY_6BITS_2.vhf" sub01/vhpl114 1481712024
EN cnvert_2_muser_cnvert_3 NULL "C:/Users/Nilanka Manoj/Documents/FINAL LAB RESOUSES/New folder (3)/PROCESSOR_6_BITS_FINAL2/PROCESSOR_6_BITS_FINAL/CNVERT_3.vhf" sub02/vhpl289 1481712084
AR and8_mxilinx_processor_6bits behavioral "C:/Users/Nilanka Manoj/Documents/FINAL LAB RESOUSES/New folder (3)/PROCESSOR_6_BITS_FINAL2/PROCESSOR_6_BITS_FINAL/PROCESSOR_6BITS.vhf" sub03/vhpl304 1481711901
AR reg_6_muser_processor_6bits behavioral "C:/Users/Nilanka Manoj/Documents/FINAL LAB RESOUSES/New folder (3)/PROCESSOR_6_BITS_FINAL2/PROCESSOR_6_BITS_FINAL/PROCESSOR_6BITS.vhf" sub00/vhpl11 1481711953
EN mux_2_4_muser_seven_seg_final NULL "C:/Users/Nilanka Manoj/Documents/FINAL LAB RESOUSES/New folder (3)/PROCESSOR_6_BITS_FINAL2/PROCESSOR_6_BITS_FINAL/SEVEN_SEG_FINAL.vhf" sub02/vhpl265 1481712040
EN seven_seg_6_muser_processor_6bits NULL "C:/Users/Nilanka Manoj/Documents/FINAL LAB RESOUSES/New folder (3)/PROCESSOR_6_BITS_FINAL/PROCESSOR_6BITS.vhf" sub00/vhpl46 1481269892
MO convert_1 NULL convert_1.v vlg71/convert__1.bin 1481300527
AR lut_muser_processor_6bits behavioral "C:/Users/Nilanka Manoj/Documents/FINAL LAB RESOUSES/New folder (3)/PROCESSOR_6_BITS_FINAL2/PROCESSOR_6_BITS_FINAL/PROCESSOR_6BITS.vhf" sub00/vhpl45 1481711939
EN pr_2_muser_processor_6bits NULL "C:/Users/Nilanka Manoj/Documents/FINAL LAB RESOUSES/New folder (3)/PROCESSOR_6_BITS_FINAL2/PROCESSOR_6_BITS_FINAL/PROCESSOR_6BITS.vhf" sub00/vhpl26 1481711896
EN ftce_mxilinx_sys_clk_adepder NULL "C:/Users/Nilanka Manoj/Documents/FINAL LAB RESOUSES/New folder (3)/PROCESSOR_6_BITS_FINAL2/PROCESSOR_6_BITS_FINAL/sys_clk_adepder.vhf" sub03/vhpl339 1481712138
EN and7_mxilinx_processor_6bits NULL "C:/Users/Nilanka Manoj/Documents/FINAL LAB RESOUSES/New folder (3)/PROCESSOR_6_BITS_FINAL2/PROCESSOR_6_BITS_FINAL/PROCESSOR_6BITS.vhf" sub00/vhpl14 1481711954
EN adder_4 NULL "C:/Users/Nilanka Manoj/Documents/FINAL LAB RESOUSES/New folder (3)/PROCESSOR_6_BITS_FINAL2/PROCESSOR_6_BITS_FINAL/ADDER_4.vhf" sub00/vhpl66 1481711980
AR au_6bits behavioral "C:/Users/Nilanka Manoj/Documents/FINAL LAB RESOUSES/New folder (3)/PROCESSOR_6_BITS_FINAL2/PROCESSOR_6_BITS_FINAL/AU_6BITS.vhf" sub00/vhpl75 1481711989
EN ha_muser_converter NULL "C:/Users/Nilanka Manoj/Documents/FINAL LAB RESOUSES/New folder (3)/PROCESSOR_6_BITS_FINAL/CONVERTER.vhf" sub02/vhpl242 1481268785
AR mux_8to1_muser_processor_6bits behavioral "C:/Users/Nilanka Manoj/Documents/FINAL LAB RESOUSES/New folder (3)/PROCESSOR_6_BITS_FINAL2/PROCESSOR_6_BITS_FINAL/PROCESSOR_6BITS.vhf" sub00/vhpl37 1481711927
EN sequence_2_muser_seven_seg_6 NULL "C:/Users/Nilanka Manoj/Documents/FINAL LAB RESOUSES/New folder (3)/PROCESSOR_6_BITS_FINAL/SEVEN_SEG_6.vhf" sub01/vhpl126 1481269996
EN cnvert_3_muser_processor_6bits NULL "C:/Users/Nilanka Manoj/Documents/FINAL LAB RESOUSES/New folder (3)/PROCESSOR_6_BITS_FINAL2/PROCESSOR_6_BITS_FINAL/PROCESSOR_6BITS.vhf" sub02/vhpl255 1481711918
AR mux_8way_6bit_muser_seven_seg_6 behavioral "C:/Users/Nilanka Manoj/Documents/FINAL LAB RESOUSES/New folder (3)/PROCESSOR_6_BITS_FINAL/SEVEN_SEG_6.vhf" sub01/vhpl141 1481270011
EN and16_mxilinx_processor_6bits NULL "C:/Users/Nilanka Manoj/Documents/FINAL LAB RESOUSES/New folder (3)/PROCESSOR_6_BITS_FINAL2/PROCESSOR_6_BITS_FINAL/PROCESSOR_6BITS.vhf" sub03/vhpl305 1481711902
EN mux_8to1_muser_processor_6bits NULL "C:/Users/Nilanka Manoj/Documents/FINAL LAB RESOUSES/New folder (3)/PROCESSOR_6_BITS_FINAL2/PROCESSOR_6_BITS_FINAL/PROCESSOR_6BITS.vhf" sub00/vhpl36 1481711926
AR mux_2_t0_1 behavioral "C:/Users/Nilanka Manoj/Documents/FINAL LAB RESOUSES/New folder (3)/PROCESSOR_6_BITS_FINAL2/PROCESSOR_6_BITS_FINAL/MUX_2_T0_1.vhf" sub01/vhpl193 1481712151
AR ins_dec_2_muser_processor_6bits behavioral "C:/Users/Nilanka Manoj/Documents/FINAL LAB RESOUSES/New folder (3)/PROCESSOR_6_BITS_FINAL2/PROCESSOR_6_BITS_FINAL/PROCESSOR_6BITS.vhf" sub00/vhpl25 1481711963
AR converter_muser_seven_seg_new behavioral "C:/Users/Nilanka Manoj/Documents/FINAL LAB RESOUSES/New folder (3)/PROCESSOR_6_BITS_FINAL/SEVEN_SEG_NEW.vhf" sub02/vhpl221 1481268762
EN mux_2_3_muser_processor_6bits NULL "C:/Users/Nilanka Manoj/Documents/FINAL LAB RESOUSES/New folder (3)/PROCESSOR_6_BITS_FINAL2/PROCESSOR_6_BITS_FINAL/PROCESSOR_6BITS.vhf" sub00/vhpl20 1481711958
EN lut_muser_processor_6bits NULL "C:/Users/Nilanka Manoj/Documents/FINAL LAB RESOUSES/New folder (3)/PROCESSOR_6_BITS_FINAL2/PROCESSOR_6_BITS_FINAL/PROCESSOR_6BITS.vhf" sub00/vhpl44 1481711938
AR pr_2_muser_processor_6bits behavioral "C:/Users/Nilanka Manoj/Documents/FINAL LAB RESOUSES/New folder (3)/PROCESSOR_6_BITS_FINAL2/PROCESSOR_6_BITS_FINAL/PROCESSOR_6BITS.vhf" sub00/vhpl27 1481711897
EN or8_mxilinx_seven_seg_6 NULL "C:/Users/Nilanka Manoj/Documents/FINAL LAB RESOUSES/New folder (3)/PROCESSOR_6_BITS_FINAL/SEVEN_SEG_6.vhf" sub01/vhpl132 1481270002
EN ftce_mxilinx_system_clk NULL "C:/Users/Nilanka Manoj/Documents/FINAL LAB RESOUSES/New folder (3)/PROCESSOR_6_BITS_FINAL2/PROCESSOR_6_BITS_FINAL/SYSTEM_CLK.vhf" sub03/vhpl321 1481712070
EN sequence_2_muser_system_clk NULL "C:/Users/Nilanka Manoj/Documents/FINAL LAB RESOUSES/New folder (3)/PROCESSOR_6_BITS_FINAL2/PROCESSOR_6_BITS_FINAL/SYSTEM_CLK.vhf" sub03/vhpl329 1481712064
EN fd_delay_muser_system_clk NULL "C:/Users/Nilanka Manoj/Documents/FINAL LAB RESOUSES/New folder (3)/PROCESSOR_6_BITS_FINAL2/PROCESSOR_6_BITS_FINAL/SYSTEM_CLK.vhf" sub03/vhpl331 1481712078
AR nor6_mxilinx_au_6bits behavioral "C:/Users/Nilanka Manoj/Documents/FINAL LAB RESOUSES/New folder (3)/PROCESSOR_6_BITS_FINAL2/PROCESSOR_6_BITS_FINAL/AU_6BITS.vhf" sub00/vhpl69 1481711983
EN or8_mxilinx_seven_seg_new NULL "C:/Users/Nilanka Manoj/Documents/FINAL LAB RESOUSES/New folder (3)/PROCESSOR_6_BITS_FINAL/SEVEN_SEG_NEW.vhf" sub02/vhpl222 1481268763
EN decoder_3to8_muser_processor_6bits NULL "C:/Users/Nilanka Manoj/Documents/FINAL LAB RESOUSES/New folder (3)/PROCESSOR_6_BITS_FINAL2/PROCESSOR_6_BITS_FINAL/PROCESSOR_6BITS.vhf" sub00/vhpl22 1481711960
EN mux_2_t0_1_muser_seven_seg_final NULL "C:/Users/Nilanka Manoj/Documents/FINAL LAB RESOUSES/New folder (3)/PROCESSOR_6_BITS_FINAL2/PROCESSOR_6_BITS_FINAL/SEVEN_SEG_FINAL.vhf" sub02/vhpl263 1481712038
AR seven_seg_new behavioral "C:/Users/Nilanka Manoj/Documents/FINAL LAB RESOUSES/New folder (3)/PROCESSOR_6_BITS_FINAL/SEVEN_SEG_NEW.vhf" sub02/vhpl241 1481268782
AR mux_2_to_1_muser_processor_6bits behavioral "C:/Users/Nilanka Manoj/Documents/FINAL LAB RESOUSES/New folder (3)/PROCESSOR_6_BITS_FINAL2/PROCESSOR_6_BITS_FINAL/PROCESSOR_6BITS.vhf" sub00/vhpl05 1481711947
EN seven_seg_new NULL "C:/Users/Nilanka Manoj/Documents/FINAL LAB RESOUSES/New folder (3)/PROCESSOR_6_BITS_FINAL/SEVEN_SEG_NEW.vhf" sub02/vhpl240 1481268781
EN mux_8way4_bit_muser_seven_seg_new NULL "C:/Users/Nilanka Manoj/Documents/FINAL LAB RESOUSES/New folder (3)/PROCESSOR_6_BITS_FINAL/SEVEN_SEG_NEW.vhf" sub02/vhpl226 1481268767
AR cnvert_2 behavioral "C:/Users/Nilanka Manoj/Documents/FINAL LAB RESOUSES/New folder (3)/PROCESSOR_6_BITS_FINAL2/PROCESSOR_6_BITS_FINAL/cnvert_2.vhf" sub02/vhpl294 1481712147
AR or8_mxilinx_mux_8way_6bit behavioral "C:/Users/Nilanka Manoj/Documents/FINAL LAB RESOUSES/New folder (3)/PROCESSOR_6_BITS_FINAL2/PROCESSOR_6_BITS_FINAL/MUX_8WAY_6BIT.vhf" sub01/vhpl177 1481712121
AR mux_2_t0_1_muser_processor_6bits behavioral "C:/Users/Nilanka Manoj/Documents/FINAL LAB RESOUSES/New folder (3)/PROCESSOR_6_BITS_FINAL2/PROCESSOR_6_BITS_FINAL/PROCESSOR_6BITS.vhf" sub00/vhpl19 1481711921
AR ha_muser_seven_seg_new behavioral "C:/Users/Nilanka Manoj/Documents/FINAL LAB RESOUSES/New folder (3)/PROCESSOR_6_BITS_FINAL/SEVEN_SEG_NEW.vhf" sub02/vhpl219 1481268760
AR sequence_3_muser_system_clk behavioral "C:/Users/Nilanka Manoj/Documents/FINAL LAB RESOUSES/New folder (3)/PROCESSOR_6_BITS_FINAL2/PROCESSOR_6_BITS_FINAL/SYSTEM_CLK.vhf" sub03/vhpl352 1481710293
AR seven_seg_final behavioral "C:/Users/Nilanka Manoj/Documents/FINAL LAB RESOUSES/New folder (3)/PROCESSOR_6_BITS_FINAL2/PROCESSOR_6_BITS_FINAL/SEVEN_SEG_FINAL.vhf" sub02/vhpl288 1481712063
AR ftce_mxilinx_processor_6bits behavioral "C:/Users/Nilanka Manoj/Documents/FINAL LAB RESOUSES/New folder (3)/PROCESSOR_6_BITS_FINAL2/PROCESSOR_6_BITS_FINAL/PROCESSOR_6BITS.vhf" sub03/vhpl308 1481711905
AR sequence_2_muser_sys_clk behavioral "C:/Users/Nilanka Manoj/Documents/FINAL LAB RESOUSES/New folder (3)/PROCESSOR_6_BITS_FINAL/SYS_CLK.vhf" sub02/vhpl298 1481367130
AR ha_muser_adder_4 behavioral "C:/Users/Nilanka Manoj/Documents/FINAL LAB RESOUSES/New folder (3)/PROCESSOR_6_BITS_FINAL2/PROCESSOR_6_BITS_FINAL/ADDER_4.vhf" sub00/vhpl65 1481711979
EN ha_muser_processor_6bits NULL "C:/Users/Nilanka Manoj/Documents/FINAL LAB RESOUSES/New folder (3)/PROCESSOR_6_BITS_FINAL2/PROCESSOR_6_BITS_FINAL/PROCESSOR_6BITS.vhf" sub00/vhpl00 1481711942
AR mux_8way_3bit_muser_seven_seg_new behavioral "C:/Users/Nilanka Manoj/Documents/FINAL LAB RESOUSES/New folder (3)/PROCESSOR_6_BITS_FINAL/SEVEN_SEG_NEW.vhf" sub02/vhpl237 1481268778
AR sequence_muser_seven_seg_6 behavioral "C:/Users/Nilanka Manoj/Documents/FINAL LAB RESOUSES/New folder (3)/PROCESSOR_6_BITS_FINAL/SEVEN_SEG_6.vhf" sub01/vhpl125 1481269995
EN mux_2way_6bit_muser_ins_dec_2 NULL "C:/Users/Nilanka Manoj/Documents/FINAL LAB RESOUSES/New folder (3)/PROCESSOR_6_BITS_FINAL2/PROCESSOR_6_BITS_FINAL/INS_DEC_2.vhf" sub00/vhpl82 1481711996
EN reg_6_muser_ins_dec_2 NULL "C:/Users/Nilanka Manoj/Documents/FINAL LAB RESOUSES/New folder (3)/PROCESSOR_6_BITS_FINAL2/PROCESSOR_6_BITS_FINAL/INS_DEC_2.vhf" sub00/vhpl86 1481712000
EN sequence_2_muser_fd_delay NULL "C:/Users/Nilanka Manoj/Documents/FINAL LAB RESOUSES/New folder (3)/PROCESSOR_6_BITS_FINAL2/PROCESSOR_6_BITS_FINAL/FD_DELAY.vhf" sub01/vhpl156 1481712096
AR fd_delay_muser_system_clk behavioral "C:/Users/Nilanka Manoj/Documents/FINAL LAB RESOUSES/New folder (3)/PROCESSOR_6_BITS_FINAL2/PROCESSOR_6_BITS_FINAL/SYSTEM_CLK.vhf" sub03/vhpl332 1481712079
AR mux_8way_6bit_muser_seven_seg_new behavioral "C:/Users/Nilanka Manoj/Documents/FINAL LAB RESOUSES/New folder (3)/PROCESSOR_6_BITS_FINAL/SEVEN_SEG_NEW.vhf" sub02/vhpl239 1481268780
AR mux_8way_3bit_muser_seven_seg_final behavioral "C:/Users/Nilanka Manoj/Documents/FINAL LAB RESOUSES/New folder (3)/PROCESSOR_6_BITS_FINAL2/PROCESSOR_6_BITS_FINAL/SEVEN_SEG_FINAL.vhf" sub02/vhpl282 1481712057
AR and8_mxilinx_system_clk behavioral "C:/Users/Nilanka Manoj/Documents/FINAL LAB RESOUSES/New folder (3)/PROCESSOR_6_BITS_FINAL2/PROCESSOR_6_BITS_FINAL/SYSTEM_CLK.vhf" sub03/vhpl318 1481712067
AR fd_delay_muser_processor_6bits behavioral "C:/Users/Nilanka Manoj/Documents/FINAL LAB RESOUSES/New folder (3)/PROCESSOR_6_BITS_FINAL2/PROCESSOR_6_BITS_FINAL/PROCESSOR_6BITS.vhf" sub00/vhpl33 1481711913
EN and7_mxilinx_ins_dec_2 NULL "C:/Users/Nilanka Manoj/Documents/FINAL LAB RESOUSES/New folder (3)/PROCESSOR_6_BITS_FINAL2/PROCESSOR_6_BITS_FINAL/INS_DEC_2.vhf" sub00/vhpl90 1481712004
AR sequence_2 behavioral "C:/Users/Nilanka Manoj/Documents/FINAL LAB RESOUSES/New folder (3)/PROCESSOR_6_BITS_FINAL2/PROCESSOR_6_BITS_FINAL/SEQUENCE_2.vhf" sub02/vhpl203 1481712161
EN mux_8way_3bit_muser_mux_8way_6bit NULL "C:/Users/Nilanka Manoj/Documents/FINAL LAB RESOUSES/New folder (3)/PROCESSOR_6_BITS_FINAL2/PROCESSOR_6_BITS_FINAL/MUX_8WAY_6BIT.vhf" sub01/vhpl180 1481712124
AR fd_3 behavioral "C:/Users/Nilanka Manoj/Documents/FINAL LAB RESOUSES/New folder (3)/PROCESSOR_6_BITS_FINAL2/PROCESSOR_6_BITS_FINAL/FD_3.vhf" sub01/vhpl155 1481712095
EN mux_8way_3bit_muser_seven_seg_6 NULL "C:/Users/Nilanka Manoj/Documents/FINAL LAB RESOUSES/New folder (3)/PROCESSOR_6_BITS_FINAL/SEVEN_SEG_6.vhf" sub01/vhpl138 1481270008
AR mux_2_3 behavioral "C:/Users/Nilanka Manoj/Documents/FINAL LAB RESOUSES/New folder (3)/PROCESSOR_6_BITS_FINAL2/PROCESSOR_6_BITS_FINAL/MUX_2_3.vhf" sub01/vhpl169 1481712109
EN mux_8way_3bit_muser_seven_seg_final NULL "C:/Users/Nilanka Manoj/Documents/FINAL LAB RESOUSES/New folder (3)/PROCESSOR_6_BITS_FINAL2/PROCESSOR_6_BITS_FINAL/SEVEN_SEG_FINAL.vhf" sub02/vhpl281 1481712056
EN mux_2_to_1_muser_ins_dec_2 NULL "C:/Users/Nilanka Manoj/Documents/FINAL LAB RESOUSES/New folder (3)/PROCESSOR_6_BITS_FINAL2/PROCESSOR_6_BITS_FINAL/INS_DEC_2.vhf" sub00/vhpl80 1481711994
EN sequence_2_muser_sys_clk NULL "C:/Users/Nilanka Manoj/Documents/FINAL LAB RESOUSES/New folder (3)/PROCESSOR_6_BITS_FINAL/SYS_CLK.vhf" sub02/vhpl297 1481367129
EN fd_delay_muser_processor_6bits NULL "C:/Users/Nilanka Manoj/Documents/FINAL LAB RESOUSES/New folder (3)/PROCESSOR_6_BITS_FINAL2/PROCESSOR_6_BITS_FINAL/PROCESSOR_6BITS.vhf" sub00/vhpl32 1481711912
AR sequence_muser_processor_6bits behavioral "C:/Users/Nilanka Manoj/Documents/FINAL LAB RESOUSES/New folder (3)/PROCESSOR_6_BITS_FINAL2/PROCESSOR_6_BITS_FINAL/PROCESSOR_6BITS.vhf" sub00/vhpl29 1481711931
EN sys_clk_muser_processor_6bits NULL "C:/Users/Nilanka Manoj/Documents/FINAL LAB RESOUSES/New folder (3)/PROCESSOR_6_BITS_FINAL/PROCESSOR_6BITS.vhf" sub02/vhpl295 1481366979
AR ftce_mxilinx_system_clk behavioral "C:/Users/Nilanka Manoj/Documents/FINAL LAB RESOUSES/New folder (3)/PROCESSOR_6_BITS_FINAL2/PROCESSOR_6_BITS_FINAL/SYSTEM_CLK.vhf" sub03/vhpl322 1481712071
EN cb16ce_mxilinx_processor_6bits NULL "C:/Users/Nilanka Manoj/Documents/FINAL LAB RESOUSES/New folder (3)/PROCESSOR_6_BITS_FINAL2/PROCESSOR_6_BITS_FINAL/PROCESSOR_6BITS.vhf" sub03/vhpl311 1481711908
EN sequence_muser_seven_seg_6 NULL "C:/Users/Nilanka Manoj/Documents/FINAL LAB RESOUSES/New folder (3)/PROCESSOR_6_BITS_FINAL/SEVEN_SEG_6.vhf" sub01/vhpl124 1481269994
EN reg_bank_8_6_muser_processor_6bits NULL "C:/Users/Nilanka Manoj/Documents/FINAL LAB RESOUSES/New folder (3)/PROCESSOR_6_BITS_FINAL2/PROCESSOR_6_BITS_FINAL/PROCESSOR_6BITS.vhf" sub00/vhpl60 1481711974
AR cb8ce_mxilinx_system_clk behavioral "C:/Users/Nilanka Manoj/Documents/FINAL LAB RESOUSES/New folder (3)/PROCESSOR_6_BITS_FINAL2/PROCESSOR_6_BITS_FINAL/SYSTEM_CLK.vhf" sub03/vhpl324 1481712073
AR mux_8way4_bit_muser_seven_seg_6 behavioral "C:/Users/Nilanka Manoj/Documents/FINAL LAB RESOUSES/New folder (3)/PROCESSOR_6_BITS_FINAL/SEVEN_SEG_6.vhf" sub01/vhpl137 1481270007
EN au_6bits NULL "C:/Users/Nilanka Manoj/Documents/FINAL LAB RESOUSES/New folder (3)/PROCESSOR_6_BITS_FINAL2/PROCESSOR_6_BITS_FINAL/AU_6BITS.vhf" sub00/vhpl74 1481711988
AR fd_3_muser_ins_dec_2 behavioral "C:/Users/Nilanka Manoj/Documents/FINAL LAB RESOUSES/New folder (3)/PROCESSOR_6_BITS_FINAL2/PROCESSOR_6_BITS_FINAL/INS_DEC_2.vhf" sub00/vhpl85 1481711999
AR sequence_muser_seven_seg_new behavioral "C:/Users/Nilanka Manoj/Documents/FINAL LAB RESOUSES/New folder (3)/PROCESSOR_6_BITS_FINAL/SEVEN_SEG_NEW.vhf" sub02/vhpl229 1481268770
EN fd_3 NULL "C:/Users/Nilanka Manoj/Documents/FINAL LAB RESOUSES/New folder (3)/PROCESSOR_6_BITS_FINAL2/PROCESSOR_6_BITS_FINAL/FD_3.vhf" sub01/vhpl154 1481712094
AR mux_8way_6bits_2 behavioral "C:/Users/Nilanka Manoj/Documents/FINAL LAB RESOUSES/New folder (3)/PROCESSOR_6_BITS_FINAL2/PROCESSOR_6_BITS_FINAL/MUX_8WAY_6BITS_2.vhf" sub01/vhpl115 1481712025
EN sequence_muser_processor_6bits NULL "C:/Users/Nilanka Manoj/Documents/FINAL LAB RESOUSES/New folder (3)/PROCESSOR_6_BITS_FINAL2/PROCESSOR_6_BITS_FINAL/PROCESSOR_6BITS.vhf" sub00/vhpl28 1481711930
EN fa NULL "C:/Users/Nilanka Manoj/Documents/FINAL LAB RESOUSES/New folder (3)/PROCESSOR_6_BITS_FINAL2/PROCESSOR_6_BITS_FINAL/FA.vhf" sub01/vhpl152 1481712092
EN mux_2_t0_1 NULL "C:/Users/Nilanka Manoj/Documents/FINAL LAB RESOUSES/New folder (3)/PROCESSOR_6_BITS_FINAL2/PROCESSOR_6_BITS_FINAL/MUX_2_T0_1.vhf" sub01/vhpl192 1481712150
AR reg_6_muser_ins_dec_2 behavioral "C:/Users/Nilanka Manoj/Documents/FINAL LAB RESOUSES/New folder (3)/PROCESSOR_6_BITS_FINAL2/PROCESSOR_6_BITS_FINAL/INS_DEC_2.vhf" sub00/vhpl87 1481712001
AR ha_muser_converter behavioral "C:/Users/Nilanka Manoj/Documents/FINAL LAB RESOUSES/New folder (3)/PROCESSOR_6_BITS_FINAL/CONVERTER.vhf" sub02/vhpl243 1481268786
AR sequence_2_muser_processor_6bits behavioral "C:/Users/Nilanka Manoj/Documents/FINAL LAB RESOUSES/New folder (3)/PROCESSOR_6_BITS_FINAL2/PROCESSOR_6_BITS_FINAL/PROCESSOR_6BITS.vhf" sub00/vhpl31 1481711899
AR mux_2way_6bit behavioral "C:/Users/Nilanka Manoj/Documents/FINAL LAB RESOUSES/New folder (3)/PROCESSOR_6_BITS_FINAL2/PROCESSOR_6_BITS_FINAL/MUX_2WAY_6BIT.vhf" sub01/vhpl165 1481712105
AR cb8ce_mxilinx_sys_clk_adepder behavioral "C:/Users/Nilanka Manoj/Documents/FINAL LAB RESOUSES/New folder (3)/PROCESSOR_6_BITS_FINAL2/PROCESSOR_6_BITS_FINAL/sys_clk_adepder.vhf" sub03/vhpl342 1481712141
EN sequence_2_muser_processor_6bits NULL "C:/Users/Nilanka Manoj/Documents/FINAL LAB RESOUSES/New folder (3)/PROCESSOR_6_BITS_FINAL2/PROCESSOR_6_BITS_FINAL/PROCESSOR_6BITS.vhf" sub00/vhpl30 1481711898
EN converter NULL "C:/Users/Nilanka Manoj/Documents/FINAL LAB RESOUSES/New folder (3)/PROCESSOR_6_BITS_FINAL/CONVERTER.vhf" sub02/vhpl246 1481268789
EN sys_clk_adepder_muser_processor_6bits NULL "C:/Users/Nilanka Manoj/Documents/FINAL LAB RESOUSES/New folder (3)/PROCESSOR_6_BITS_FINAL2/PROCESSOR_6_BITS_FINAL/PROCESSOR_6BITS.vhf" sub03/vhpl313 1481711910
EN mux_8way_6bit_muser_processor_6bits NULL "C:/Users/Nilanka Manoj/Documents/FINAL LAB RESOUSES/New folder (3)/PROCESSOR_6_BITS_FINAL2/PROCESSOR_6_BITS_FINAL/PROCESSOR_6BITS.vhf" sub00/vhpl42 1481711936
EN sys_clk NULL "C:/Users/Nilanka Manoj/Documents/FINAL LAB RESOUSES/New folder (3)/PROCESSOR_6_BITS_FINAL/SYS_CLK.vhf" sub03/vhpl301 1481367133
AR fa_muser_processor_6bits behavioral "C:/Users/Nilanka Manoj/Documents/FINAL LAB RESOUSES/New folder (3)/PROCESSOR_6_BITS_FINAL2/PROCESSOR_6_BITS_FINAL/PROCESSOR_6BITS.vhf" sub00/vhpl55 1481711969
AR cnvert_2_muser_processor_6bits behavioral "C:/Users/Nilanka Manoj/Documents/FINAL LAB RESOUSES/New folder (3)/PROCESSOR_6_BITS_FINAL2/PROCESSOR_6_BITS_FINAL/PROCESSOR_6BITS.vhf" sub02/vhpl254 1481711917
AR or8_mxilinx_processor_6bits behavioral "C:/Users/Nilanka Manoj/Documents/FINAL LAB RESOUSES/New folder (3)/PROCESSOR_6_BITS_FINAL2/PROCESSOR_6_BITS_FINAL/PROCESSOR_6BITS.vhf" sub00/vhpl35 1481711925
EN ha NULL "C:/Users/Nilanka Manoj/Documents/FINAL LAB RESOUSES/New folder (3)/PROCESSOR_6_BITS_FINAL2/PROCESSOR_6_BITS_FINAL/HA.vhf" sub01/vhpl190 1481712148
EN and_3_muser_seven_seg_6 NULL "C:/Users/Nilanka Manoj/Documents/FINAL LAB RESOUSES/New folder (3)/PROCESSOR_6_BITS_FINAL/SEVEN_SEG_6.vhf" sub01/vhpl130 1481270000
AR mux_2_4_muser_processor_6bits behavioral "C:/Users/Nilanka Manoj/Documents/FINAL LAB RESOUSES/New folder (3)/PROCESSOR_6_BITS_FINAL2/PROCESSOR_6_BITS_FINAL/PROCESSOR_6BITS.vhf" sub00/vhpl53 1481711923
EN reg_4 NULL "C:/Users/Nilanka Manoj/Documents/FINAL LAB RESOUSES/New folder (3)/PROCESSOR_6_BITS_FINAL2/PROCESSOR_6_BITS_FINAL/REG_4.vhf" sub01/vhpl184 1481712128
AR mux_8way4_bit_muser_processor_6bits behavioral "C:/Users/Nilanka Manoj/Documents/FINAL LAB RESOUSES/New folder (3)/PROCESSOR_6_BITS_FINAL2/PROCESSOR_6_BITS_FINAL/PROCESSOR_6BITS.vhf" sub00/vhpl39 1481711929
AR sequence_2_muser_fd_delay behavioral "C:/Users/Nilanka Manoj/Documents/FINAL LAB RESOUSES/New folder (3)/PROCESSOR_6_BITS_FINAL2/PROCESSOR_6_BITS_FINAL/FD_DELAY.vhf" sub01/vhpl157 1481712097
AR ha behavioral "C:/Users/Nilanka Manoj/Documents/FINAL LAB RESOUSES/New folder (3)/PROCESSOR_6_BITS_FINAL2/PROCESSOR_6_BITS_FINAL/HA.vhf" sub01/vhpl191 1481712149
AR mux_8to1_muser_mux_8way_3bit behavioral "C:/Users/Nilanka Manoj/Documents/FINAL LAB RESOUSES/New folder (3)/PROCESSOR_6_BITS_FINAL2/PROCESSOR_6_BITS_FINAL/MUX_8WAY_3BIT.vhf" sub01/vhpl199 1481712157
EN reg_6 NULL "C:/Users/Nilanka Manoj/Documents/FINAL LAB RESOUSES/New folder (3)/PROCESSOR_6_BITS_FINAL2/PROCESSOR_6_BITS_FINAL/REG_6.vhf" sub01/vhpl186 1481712130
AR mux_2_t0_1_muser_seven_seg_new behavioral "C:/Users/Nilanka Manoj/Documents/FINAL LAB RESOUSES/New folder (3)/PROCESSOR_6_BITS_FINAL/SEVEN_SEG_NEW.vhf" sub02/vhpl213 1481268754
AR and16_mxilinx_system_clk behavioral "C:/Users/Nilanka Manoj/Documents/FINAL LAB RESOUSES/New folder (3)/PROCESSOR_6_BITS_FINAL2/PROCESSOR_6_BITS_FINAL/SYSTEM_CLK.vhf" sub03/vhpl320 1481712069
AR and_3 behavioral "C:/Users/Nilanka Manoj/Documents/FINAL LAB RESOUSES/New folder (3)/PROCESSOR_6_BITS_FINAL2/PROCESSOR_6_BITS_FINAL/AND_3.vhf" sub01/vhpl147 1481712083
AR system_clk behavioral "C:/Users/Nilanka Manoj/Documents/FINAL LAB RESOUSES/New folder (3)/PROCESSOR_6_BITS_FINAL2/PROCESSOR_6_BITS_FINAL/SYSTEM_CLK.vhf" sub03/vhpl334 1481712081
EN sequence_3_muser_system_clk NULL "C:/Users/Nilanka Manoj/Documents/FINAL LAB RESOUSES/New folder (3)/PROCESSOR_6_BITS_FINAL2/PROCESSOR_6_BITS_FINAL/SYSTEM_CLK.vhf" sub03/vhpl351 1481710292
EN seven_seg_6 NULL "C:/Users/Nilanka Manoj/Documents/FINAL LAB RESOUSES/New folder (3)/PROCESSOR_6_BITS_FINAL/SEVEN_SEG_6.vhf" sub01/vhpl144 1481270014
AR lut_muser_seven_seg_6 behavioral "C:/Users/Nilanka Manoj/Documents/FINAL LAB RESOUSES/New folder (3)/PROCESSOR_6_BITS_FINAL/SEVEN_SEG_6.vhf" sub01/vhpl143 1481270013
AR mux_2_3_muser_ins_dec_2 behavioral "C:/Users/Nilanka Manoj/Documents/FINAL LAB RESOUSES/New folder (3)/PROCESSOR_6_BITS_FINAL2/PROCESSOR_6_BITS_FINAL/INS_DEC_2.vhf" sub00/vhpl97 1481712011
AR and7_mxilinx_ins_dec_2 behavioral "C:/Users/Nilanka Manoj/Documents/FINAL LAB RESOUSES/New folder (3)/PROCESSOR_6_BITS_FINAL2/PROCESSOR_6_BITS_FINAL/INS_DEC_2.vhf" sub00/vhpl91 1481712005
EN nor6_mxilinx_processor_6bits NULL "C:/Users/Nilanka Manoj/Documents/FINAL LAB RESOUSES/New folder (3)/PROCESSOR_6_BITS_FINAL2/PROCESSOR_6_BITS_FINAL/PROCESSOR_6BITS.vhf" sub00/vhpl16 1481711956
EN mux_2_to_1 NULL "C:/Users/Nilanka Manoj/Documents/FINAL LAB RESOUSES/New folder (3)/PROCESSOR_6_BITS_FINAL2/PROCESSOR_6_BITS_FINAL/MUX_2_TO_1.vhf" sub01/vhpl194 1481712152
AR cnvert_3 behavioral "C:/Users/Nilanka Manoj/Documents/FINAL LAB RESOUSES/New folder (3)/PROCESSOR_6_BITS_FINAL2/PROCESSOR_6_BITS_FINAL/CNVERT_3.vhf" sub02/vhpl292 1481712087
AR mux_8way_6bit_muser_processor_6bits behavioral "C:/Users/Nilanka Manoj/Documents/FINAL LAB RESOUSES/New folder (3)/PROCESSOR_6_BITS_FINAL2/PROCESSOR_6_BITS_FINAL/PROCESSOR_6BITS.vhf" sub00/vhpl43 1481711937
EN sequence_2 NULL "C:/Users/Nilanka Manoj/Documents/FINAL LAB RESOUSES/New folder (3)/PROCESSOR_6_BITS_FINAL2/PROCESSOR_6_BITS_FINAL/SEQUENCE_2.vhf" sub02/vhpl202 1481712160
AR fd_delay_muser_seven_seg_6 behavioral "C:/Users/Nilanka Manoj/Documents/FINAL LAB RESOUSES/New folder (3)/PROCESSOR_6_BITS_FINAL/SEVEN_SEG_6.vhf" sub01/vhpl129 1481269999
EN mux_8way4_bit_muser_seven_seg_final NULL "C:/Users/Nilanka Manoj/Documents/FINAL LAB RESOUSES/New folder (3)/PROCESSOR_6_BITS_FINAL2/PROCESSOR_6_BITS_FINAL/SEVEN_SEG_FINAL.vhf" sub02/vhpl271 1481712046
EN and_3_muser_ins_dec_2 NULL "C:/Users/Nilanka Manoj/Documents/FINAL LAB RESOUSES/New folder (3)/PROCESSOR_6_BITS_FINAL2/PROCESSOR_6_BITS_FINAL/INS_DEC_2.vhf" sub00/vhpl88 1481712002
EN sequence_3 NULL "C:/Users/Nilanka Manoj/Documents/FINAL LAB RESOUSES/New folder (3)/PROCESSOR_6_BITS_FINAL2/PROCESSOR_6_BITS_FINAL/sequence_3.vhf" sub03/vhpl353 1481710364
AR mux_8way4_bit_muser_seven_seg_new behavioral "C:/Users/Nilanka Manoj/Documents/FINAL LAB RESOUSES/New folder (3)/PROCESSOR_6_BITS_FINAL/SEVEN_SEG_NEW.vhf" sub02/vhpl227 1481268768
AR sys_clk_muser_processor_6bits behavioral "C:/Users/Nilanka Manoj/Documents/FINAL LAB RESOUSES/New folder (3)/PROCESSOR_6_BITS_FINAL/PROCESSOR_6BITS.vhf" sub02/vhpl296 1481366980
EN sequence_2_muser_seven_seg_new NULL "C:/Users/Nilanka Manoj/Documents/FINAL LAB RESOUSES/New folder (3)/PROCESSOR_6_BITS_FINAL/SEVEN_SEG_NEW.vhf" sub02/vhpl230 1481268771
EN and_3_muser_processor_6bits NULL "C:/Users/Nilanka Manoj/Documents/FINAL LAB RESOUSES/New folder (3)/PROCESSOR_6_BITS_FINAL2/PROCESSOR_6_BITS_FINAL/PROCESSOR_6BITS.vhf" sub00/vhpl12 1481711932
AR and_3_muser_seven_seg_new behavioral "C:/Users/Nilanka Manoj/Documents/FINAL LAB RESOUSES/New folder (3)/PROCESSOR_6_BITS_FINAL/SEVEN_SEG_NEW.vhf" sub02/vhpl235 1481268776
AR cb16ce_mxilinx_system_clk behavioral "C:/Users/Nilanka Manoj/Documents/FINAL LAB RESOUSES/New folder (3)/PROCESSOR_6_BITS_FINAL2/PROCESSOR_6_BITS_FINAL/SYSTEM_CLK.vhf" sub03/vhpl326 1481712075
AR mux_2_to_1 behavioral "C:/Users/Nilanka Manoj/Documents/FINAL LAB RESOUSES/New folder (3)/PROCESSOR_6_BITS_FINAL2/PROCESSOR_6_BITS_FINAL/MUX_2_TO_1.vhf" sub01/vhpl195 1481712153
EN fd_3_muser_ins_dec_2 NULL "C:/Users/Nilanka Manoj/Documents/FINAL LAB RESOUSES/New folder (3)/PROCESSOR_6_BITS_FINAL2/PROCESSOR_6_BITS_FINAL/INS_DEC_2.vhf" sub00/vhpl84 1481711998
EN mux_8to1_muser_seven_seg_new NULL "C:/Users/Nilanka Manoj/Documents/FINAL LAB RESOUSES/New folder (3)/PROCESSOR_6_BITS_FINAL/SEVEN_SEG_NEW.vhf" sub02/vhpl224 1481268765
EN pr_2 NULL "C:/Users/Nilanka Manoj/Documents/FINAL LAB RESOUSES/New folder (3)/PROCESSOR_6_BITS_FINAL2/PROCESSOR_6_BITS_FINAL/PR_2.vhf" sub01/vhpl116 1481712026
EN pr_3 NULL "C:/Users/Nilanka Manoj/Documents/FINAL LAB RESOUSES/New folder (3)/PROCESSOR_6_BITS_FINAL2/PROCESSOR_6_BITS_FINAL/PR_3.vhf" sub02/vhpl250 1481710724
EN lut_muser_seven_seg_6 NULL "C:/Users/Nilanka Manoj/Documents/FINAL LAB RESOUSES/New folder (3)/PROCESSOR_6_BITS_FINAL/SEVEN_SEG_6.vhf" sub01/vhpl142 1481270012
EN mux_8way_6bit_muser_mux_8way_6bits_2 NULL "C:/Users/Nilanka Manoj/Documents/FINAL LAB RESOUSES/New folder (3)/PROCESSOR_6_BITS_FINAL2/PROCESSOR_6_BITS_FINAL/MUX_8WAY_6BITS_2.vhf" sub01/vhpl112 1481712022
AR and16_mxilinx_sys_clk_adepder behavioral "C:/Users/Nilanka Manoj/Documents/FINAL LAB RESOUSES/New folder (3)/PROCESSOR_6_BITS_FINAL2/PROCESSOR_6_BITS_FINAL/sys_clk_adepder.vhf" sub03/vhpl338 1481712137
EN cb8ce_mxilinx_sys_clk_adepder NULL "C:/Users/Nilanka Manoj/Documents/FINAL LAB RESOUSES/New folder (3)/PROCESSOR_6_BITS_FINAL2/PROCESSOR_6_BITS_FINAL/sys_clk_adepder.vhf" sub03/vhpl341 1481712140
AR lut_muser_seven_seg_final behavioral "C:/Users/Nilanka Manoj/Documents/FINAL LAB RESOUSES/New folder (3)/PROCESSOR_6_BITS_FINAL2/PROCESSOR_6_BITS_FINAL/SEVEN_SEG_FINAL.vhf" sub02/vhpl286 1481712061
EN mux_2_t0_1_muser_seven_seg_new NULL "C:/Users/Nilanka Manoj/Documents/FINAL LAB RESOUSES/New folder (3)/PROCESSOR_6_BITS_FINAL/SEVEN_SEG_NEW.vhf" sub02/vhpl212 1481268753
EN and8_mxilinx_system_clk NULL "C:/Users/Nilanka Manoj/Documents/FINAL LAB RESOUSES/New folder (3)/PROCESSOR_6_BITS_FINAL2/PROCESSOR_6_BITS_FINAL/SYSTEM_CLK.vhf" sub03/vhpl317 1481712066
AR sequence_3 behavioral "C:/Users/Nilanka Manoj/Documents/FINAL LAB RESOUSES/New folder (3)/PROCESSOR_6_BITS_FINAL2/PROCESSOR_6_BITS_FINAL/sequence_3.vhf" sub03/vhpl354 1481710365
EN mux_2_3_muser_ins_dec_2 NULL "C:/Users/Nilanka Manoj/Documents/FINAL LAB RESOUSES/New folder (3)/PROCESSOR_6_BITS_FINAL2/PROCESSOR_6_BITS_FINAL/INS_DEC_2.vhf" sub00/vhpl96 1481712010
AR ha_muser_fa behavioral "C:/Users/Nilanka Manoj/Documents/FINAL LAB RESOUSES/New folder (3)/PROCESSOR_6_BITS_FINAL2/PROCESSOR_6_BITS_FINAL/FA.vhf" sub01/vhpl151 1481712091
AR and7_mxilinx_processor_6bits behavioral "C:/Users/Nilanka Manoj/Documents/FINAL LAB RESOUSES/New folder (3)/PROCESSOR_6_BITS_FINAL2/PROCESSOR_6_BITS_FINAL/PROCESSOR_6BITS.vhf" sub00/vhpl15 1481711955
AR mux_2_4 behavioral "C:/Users/Nilanka Manoj/Documents/FINAL LAB RESOUSES/New folder (3)/PROCESSOR_6_BITS_FINAL2/PROCESSOR_6_BITS_FINAL/MUX_2_4.vhf" sub01/vhpl105 1481712113
EN counter_4_muser_processor_6bits NULL "C:/Users/Nilanka Manoj/Documents/FINAL LAB RESOUSES/New folder (3)/PROCESSOR_6_BITS_FINAL2/PROCESSOR_6_BITS_FINAL/PROCESSOR_6BITS.vhf" sub00/vhpl50 1481711966
AR mux_8to1_muser_seven_seg_final behavioral "C:/Users/Nilanka Manoj/Documents/FINAL LAB RESOUSES/New folder (3)/PROCESSOR_6_BITS_FINAL2/PROCESSOR_6_BITS_FINAL/SEVEN_SEG_FINAL.vhf" sub02/vhpl270 1481712045
AR au_6bits_muser_processor_6bits behavioral "C:/Users/Nilanka Manoj/Documents/FINAL LAB RESOUSES/New folder (3)/PROCESSOR_6_BITS_FINAL2/PROCESSOR_6_BITS_FINAL/PROCESSOR_6BITS.vhf" sub00/vhpl57 1481711971
EN mux_2way_6bit_muser_processor_6bits NULL "C:/Users/Nilanka Manoj/Documents/FINAL LAB RESOUSES/New folder (3)/PROCESSOR_6_BITS_FINAL2/PROCESSOR_6_BITS_FINAL/PROCESSOR_6BITS.vhf" sub00/vhpl06 1481711948
EN fd_delay NULL "C:/Users/Nilanka Manoj/Documents/FINAL LAB RESOUSES/New folder (3)/PROCESSOR_6_BITS_FINAL2/PROCESSOR_6_BITS_FINAL/FD_DELAY.vhf" sub01/vhpl158 1481712098
EN mux_2_4_muser_seven_seg_new NULL "C:/Users/Nilanka Manoj/Documents/FINAL LAB RESOUSES/New folder (3)/PROCESSOR_6_BITS_FINAL/SEVEN_SEG_NEW.vhf" sub02/vhpl214 1481268755
AR counter_4 behavioral "C:/Users/Nilanka Manoj/Documents/FINAL LAB RESOUSES/New folder (3)/PROCESSOR_6_BITS_FINAL2/PROCESSOR_6_BITS_FINAL/COUNTER_4.vhf" sub00/vhpl79 1481711993
AR mux_8to1_muser_seven_seg_new behavioral "C:/Users/Nilanka Manoj/Documents/FINAL LAB RESOUSES/New folder (3)/PROCESSOR_6_BITS_FINAL/SEVEN_SEG_NEW.vhf" sub02/vhpl225 1481268766
AR mux_8way4_bit behavioral "C:/Users/Nilanka Manoj/Documents/FINAL LAB RESOUSES/New folder (3)/PROCESSOR_6_BITS_FINAL2/PROCESSOR_6_BITS_FINAL/MUX_8WAY4_BIT.vhf" sub01/vhpl175 1481712119
EN mux_8way_6bits_2_muser_processor_6bits NULL "C:/Users/Nilanka Manoj/Documents/FINAL LAB RESOUSES/New folder (3)/PROCESSOR_6_BITS_FINAL2/PROCESSOR_6_BITS_FINAL/PROCESSOR_6BITS.vhf" sub00/vhpl58 1481711972
AR mux_2_t0_1_muser_mux_2_3 behavioral "C:/Users/Nilanka Manoj/Documents/FINAL LAB RESOUSES/New folder (3)/PROCESSOR_6_BITS_FINAL2/PROCESSOR_6_BITS_FINAL/MUX_2_3.vhf" sub01/vhpl167 1481712107
EN lut NULL "C:/Users/Nilanka Manoj/Documents/FINAL LAB RESOUSES/New folder (3)/PROCESSOR_6_BITS_FINAL2/PROCESSOR_6_BITS_FINAL/LUT.vhf" sub01/vhpl160 1481712100
EN or8_mxilinx_processor_6bits NULL "C:/Users/Nilanka Manoj/Documents/FINAL LAB RESOUSES/New folder (3)/PROCESSOR_6_BITS_FINAL2/PROCESSOR_6_BITS_FINAL/PROCESSOR_6BITS.vhf" sub00/vhpl34 1481711924
EN cb16ce_mxilinx_system_clk NULL "C:/Users/Nilanka Manoj/Documents/FINAL LAB RESOUSES/New folder (3)/PROCESSOR_6_BITS_FINAL2/PROCESSOR_6_BITS_FINAL/SYSTEM_CLK.vhf" sub03/vhpl325 1481712074
EN nor6_mxilinx_ins_dec_2 NULL "C:/Users/Nilanka Manoj/Documents/FINAL LAB RESOUSES/New folder (3)/PROCESSOR_6_BITS_FINAL2/PROCESSOR_6_BITS_FINAL/INS_DEC_2.vhf" sub00/vhpl92 1481712006
EN cnvert_2 NULL "C:/Users/Nilanka Manoj/Documents/FINAL LAB RESOUSES/New folder (3)/PROCESSOR_6_BITS_FINAL2/PROCESSOR_6_BITS_FINAL/cnvert_2.vhf" sub02/vhpl293 1481712146
EN cnvert_3 NULL "C:/Users/Nilanka Manoj/Documents/FINAL LAB RESOUSES/New folder (3)/PROCESSOR_6_BITS_FINAL2/PROCESSOR_6_BITS_FINAL/CNVERT_3.vhf" sub02/vhpl291 1481712086
EN ins_dec_2 NULL "C:/Users/Nilanka Manoj/Documents/FINAL LAB RESOUSES/New folder (3)/PROCESSOR_6_BITS_FINAL2/PROCESSOR_6_BITS_FINAL/INS_DEC_2.vhf" sub01/vhpl100 1481712014
AR mux_2_t0_1_muser_ins_dec_2 behavioral "C:/Users/Nilanka Manoj/Documents/FINAL LAB RESOUSES/New folder (3)/PROCESSOR_6_BITS_FINAL2/PROCESSOR_6_BITS_FINAL/INS_DEC_2.vhf" sub00/vhpl95 1481712009
EN cnvrt NULL "C:/Users/Nilanka Manoj/Documents/FINAL LAB RESOUSES/New folder (3)/PROCESSOR_6_BITS_FINAL/CNVRT.vhd" sub02/vhpl252 1481298652
EN cnvert_3_muser_seven_seg_final NULL "C:/Users/Nilanka Manoj/Documents/FINAL LAB RESOUSES/New folder (3)/PROCESSOR_6_BITS_FINAL2/PROCESSOR_6_BITS_FINAL/SEVEN_SEG_FINAL.vhf" sub02/vhpl261 1481712036
EN mux_8to1_muser_seven_seg_final NULL "C:/Users/Nilanka Manoj/Documents/FINAL LAB RESOUSES/New folder (3)/PROCESSOR_6_BITS_FINAL2/PROCESSOR_6_BITS_FINAL/SEVEN_SEG_FINAL.vhf" sub02/vhpl269 1481712044
AR sys_clk_adepder_muser_system_clk behavioral "C:/Users/Nilanka Manoj/Documents/FINAL LAB RESOUSES/New folder (3)/PROCESSOR_6_BITS_FINAL2/PROCESSOR_6_BITS_FINAL/SYSTEM_CLK.vhf" sub03/vhpl328 1481712077
AR seven_seg_new_muser_processor_6bits behavioral "C:/Users/Nilanka Manoj/Documents/FINAL LAB RESOUSES/New folder (3)/PROCESSOR_6_BITS_FINAL/PROCESSOR_6BITS.vhf" sub02/vhpl211 1481268662
EN sequence NULL "C:/Users/Nilanka Manoj/Documents/FINAL LAB RESOUSES/New folder (3)/PROCESSOR_6_BITS_FINAL2/PROCESSOR_6_BITS_FINAL/SEQUENCE.vhf" sub01/vhpl188 1481712132
EN reg_4_muser_processor_6bits NULL "C:/Users/Nilanka Manoj/Documents/FINAL LAB RESOUSES/New folder (3)/PROCESSOR_6_BITS_FINAL2/PROCESSOR_6_BITS_FINAL/PROCESSOR_6BITS.vhf" sub00/vhpl48 1481711964
EN reg_6_muser_reg_bank_8_6 NULL "C:/Users/Nilanka Manoj/Documents/FINAL LAB RESOUSES/New folder (3)/PROCESSOR_6_BITS_FINAL2/PROCESSOR_6_BITS_FINAL/REG_BANK_8_6.vhf" sub01/vhpl118 1481712028
AR cb8ce_mxilinx_processor_6bits behavioral "C:/Users/Nilanka Manoj/Documents/FINAL LAB RESOUSES/New folder (3)/PROCESSOR_6_BITS_FINAL2/PROCESSOR_6_BITS_FINAL/PROCESSOR_6BITS.vhf" sub03/vhpl310 1481711907
AR pr_3_muser_processor_6bits behavioral "C:/Users/Nilanka Manoj/Documents/FINAL LAB RESOUSES/New folder (3)/PROCESSOR_6_BITS_FINAL2/PROCESSOR_6_BITS_FINAL/PROCESSOR_6BITS.vhf" sub02/vhpl249 1481710595
AR mux_2_to_1_muser_ins_dec_2 behavioral "C:/Users/Nilanka Manoj/Documents/FINAL LAB RESOUSES/New folder (3)/PROCESSOR_6_BITS_FINAL2/PROCESSOR_6_BITS_FINAL/INS_DEC_2.vhf" sub00/vhpl81 1481711995
AR ins_dec_2 behavioral "C:/Users/Nilanka Manoj/Documents/FINAL LAB RESOUSES/New folder (3)/PROCESSOR_6_BITS_FINAL2/PROCESSOR_6_BITS_FINAL/INS_DEC_2.vhf" sub01/vhpl101 1481712015
EN converter_muser_seven_seg_new NULL "C:/Users/Nilanka Manoj/Documents/FINAL LAB RESOUSES/New folder (3)/PROCESSOR_6_BITS_FINAL/SEVEN_SEG_NEW.vhf" sub02/vhpl220 1481268761
AR counter_4_muser_processor_6bits behavioral "C:/Users/Nilanka Manoj/Documents/FINAL LAB RESOUSES/New folder (3)/PROCESSOR_6_BITS_FINAL2/PROCESSOR_6_BITS_FINAL/PROCESSOR_6BITS.vhf" sub00/vhpl51 1481711967
AR fa_muser_au_6bits behavioral "C:/Users/Nilanka Manoj/Documents/FINAL LAB RESOUSES/New folder (3)/PROCESSOR_6_BITS_FINAL2/PROCESSOR_6_BITS_FINAL/AU_6BITS.vhf" sub00/vhpl73 1481711987
EN lut_muser_seven_seg_final NULL "C:/Users/Nilanka Manoj/Documents/FINAL LAB RESOUSES/New folder (3)/PROCESSOR_6_BITS_FINAL2/PROCESSOR_6_BITS_FINAL/SEVEN_SEG_FINAL.vhf" sub02/vhpl285 1481712060
AR decoder_3to8_muser_ins_dec_2 behavioral "C:/Users/Nilanka Manoj/Documents/FINAL LAB RESOUSES/New folder (3)/PROCESSOR_6_BITS_FINAL2/PROCESSOR_6_BITS_FINAL/INS_DEC_2.vhf" sub00/vhpl99 1481712013
AR nor6_mxilinx_ins_dec_2 behavioral "C:/Users/Nilanka Manoj/Documents/FINAL LAB RESOUSES/New folder (3)/PROCESSOR_6_BITS_FINAL2/PROCESSOR_6_BITS_FINAL/INS_DEC_2.vhf" sub00/vhpl93 1481712007
AR mux_2_t0_1_muser_seven_seg_final behavioral "C:/Users/Nilanka Manoj/Documents/FINAL LAB RESOUSES/New folder (3)/PROCESSOR_6_BITS_FINAL2/PROCESSOR_6_BITS_FINAL/SEVEN_SEG_FINAL.vhf" sub02/vhpl264 1481712039
EN or8_mxilinx_mux_8way_6bits_2 NULL "C:/Users/Nilanka Manoj/Documents/FINAL LAB RESOUSES/New folder (3)/PROCESSOR_6_BITS_FINAL2/PROCESSOR_6_BITS_FINAL/MUX_8WAY_6BITS_2.vhf" sub01/vhpl106 1481712016
EN mux_2_t0_1_muser_converter NULL "C:/Users/Nilanka Manoj/Documents/FINAL LAB RESOUSES/New folder (3)/PROCESSOR_6_BITS_FINAL/CONVERTER.vhf" sub02/vhpl244 1481268787
AR mux_2_4_muser_seven_seg_new behavioral "C:/Users/Nilanka Manoj/Documents/FINAL LAB RESOUSES/New folder (3)/PROCESSOR_6_BITS_FINAL/SEVEN_SEG_NEW.vhf" sub02/vhpl215 1481268756
EN and16_mxilinx_sys_clk_adepder NULL "C:/Users/Nilanka Manoj/Documents/FINAL LAB RESOUSES/New folder (3)/PROCESSOR_6_BITS_FINAL2/PROCESSOR_6_BITS_FINAL/sys_clk_adepder.vhf" sub03/vhpl337 1481712136
EN decoder_3to8_muser_ins_dec_2 NULL "C:/Users/Nilanka Manoj/Documents/FINAL LAB RESOUSES/New folder (3)/PROCESSOR_6_BITS_FINAL2/PROCESSOR_6_BITS_FINAL/INS_DEC_2.vhf" sub00/vhpl98 1481712012
EN cnvert_2_muser_processor_6bits NULL "C:/Users/Nilanka Manoj/Documents/FINAL LAB RESOUSES/New folder (3)/PROCESSOR_6_BITS_FINAL2/PROCESSOR_6_BITS_FINAL/PROCESSOR_6BITS.vhf" sub02/vhpl253 1481711916
EN sys_clk_adepder_muser_system_clk NULL "C:/Users/Nilanka Manoj/Documents/FINAL LAB RESOUSES/New folder (3)/PROCESSOR_6_BITS_FINAL2/PROCESSOR_6_BITS_FINAL/SYSTEM_CLK.vhf" sub03/vhpl327 1481712076
EN fa_muser_au_6bits NULL "C:/Users/Nilanka Manoj/Documents/FINAL LAB RESOUSES/New folder (3)/PROCESSOR_6_BITS_FINAL2/PROCESSOR_6_BITS_FINAL/AU_6BITS.vhf" sub00/vhpl72 1481711986
AR ha_muser_au_6bits behavioral "C:/Users/Nilanka Manoj/Documents/FINAL LAB RESOUSES/New folder (3)/PROCESSOR_6_BITS_FINAL2/PROCESSOR_6_BITS_FINAL/AU_6BITS.vhf" sub00/vhpl71 1481711985
AR fd_delay_muser_seven_seg_new behavioral "C:/Users/Nilanka Manoj/Documents/FINAL LAB RESOUSES/New folder (3)/PROCESSOR_6_BITS_FINAL/SEVEN_SEG_NEW.vhf" sub02/vhpl233 1481268774
EN processor_6bits NULL "C:/Users/Nilanka Manoj/Documents/FINAL LAB RESOUSES/New folder (3)/PROCESSOR_6_BITS_FINAL2/PROCESSOR_6_BITS_FINAL/PROCESSOR_6BITS.vhf" sub00/vhpl62 1481711976
AR seven_seg_final_muser_processor_6bits behavioral "C:/Users/Nilanka Manoj/Documents/FINAL LAB RESOUSES/New folder (3)/PROCESSOR_6_BITS_FINAL2/PROCESSOR_6_BITS_FINAL/PROCESSOR_6BITS.vhf" sub02/vhpl258 1481711941
AR reg_6_muser_reg_bank_8_6 behavioral "C:/Users/Nilanka Manoj/Documents/FINAL LAB RESOUSES/New folder (3)/PROCESSOR_6_BITS_FINAL2/PROCESSOR_6_BITS_FINAL/REG_BANK_8_6.vhf" sub01/vhpl119 1481712029
EN and8_mxilinx_processor_6bits NULL "C:/Users/Nilanka Manoj/Documents/FINAL LAB RESOUSES/New folder (3)/PROCESSOR_6_BITS_FINAL2/PROCESSOR_6_BITS_FINAL/PROCESSOR_6BITS.vhf" sub03/vhpl303 1481711900
EN mux_8way_6bit_muser_seven_seg_6 NULL "C:/Users/Nilanka Manoj/Documents/FINAL LAB RESOUSES/New folder (3)/PROCESSOR_6_BITS_FINAL/SEVEN_SEG_6.vhf" sub01/vhpl140 1481270010
EN reg_6_muser_processor_6bits NULL "C:/Users/Nilanka Manoj/Documents/FINAL LAB RESOUSES/New folder (3)/PROCESSOR_6_BITS_FINAL2/PROCESSOR_6_BITS_FINAL/PROCESSOR_6BITS.vhf" sub00/vhpl10 1481711952
AR or8_mxilinx_mux_8way_3bit behavioral "C:/Users/Nilanka Manoj/Documents/FINAL LAB RESOUSES/New folder (3)/PROCESSOR_6_BITS_FINAL2/PROCESSOR_6_BITS_FINAL/MUX_8WAY_3BIT.vhf" sub01/vhpl197 1481712155
EN mux_2_to_1_muser_processor_6bits NULL "C:/Users/Nilanka Manoj/Documents/FINAL LAB RESOUSES/New folder (3)/PROCESSOR_6_BITS_FINAL2/PROCESSOR_6_BITS_FINAL/PROCESSOR_6BITS.vhf" sub00/vhpl04 1481711946
AR mux_2way_6bit_muser_processor_6bits behavioral "C:/Users/Nilanka Manoj/Documents/FINAL LAB RESOUSES/New folder (3)/PROCESSOR_6_BITS_FINAL2/PROCESSOR_6_BITS_FINAL/PROCESSOR_6BITS.vhf" sub00/vhpl07 1481711949
EN fd_delay_muser_seven_seg_new NULL "C:/Users/Nilanka Manoj/Documents/FINAL LAB RESOUSES/New folder (3)/PROCESSOR_6_BITS_FINAL/SEVEN_SEG_NEW.vhf" sub02/vhpl232 1481268773
AR fa behavioral "C:/Users/Nilanka Manoj/Documents/FINAL LAB RESOUSES/New folder (3)/PROCESSOR_6_BITS_FINAL2/PROCESSOR_6_BITS_FINAL/FA.vhf" sub01/vhpl153 1481712093
AR mux_2_t0_1_muser_converter behavioral "C:/Users/Nilanka Manoj/Documents/FINAL LAB RESOUSES/New folder (3)/PROCESSOR_6_BITS_FINAL/CONVERTER.vhf" sub02/vhpl245 1481268788
AR fd_delay_muser_seven_seg_final behavioral "C:/Users/Nilanka Manoj/Documents/FINAL LAB RESOUSES/New folder (3)/PROCESSOR_6_BITS_FINAL2/PROCESSOR_6_BITS_FINAL/SEVEN_SEG_FINAL.vhf" sub02/vhpl278 1481712053
AR cb16ce_mxilinx_sys_clk_adepder behavioral "C:/Users/Nilanka Manoj/Documents/FINAL LAB RESOUSES/New folder (3)/PROCESSOR_6_BITS_FINAL2/PROCESSOR_6_BITS_FINAL/sys_clk_adepder.vhf" sub03/vhpl344 1481712143
EN decoder_3to8 NULL "C:/Users/Nilanka Manoj/Documents/FINAL LAB RESOUSES/New folder (3)/PROCESSOR_6_BITS_FINAL2/PROCESSOR_6_BITS_FINAL/DECODER_3TO8.vhf" sub01/vhpl148 1481712088
EN reg_bank_8_6 NULL "C:/Users/Nilanka Manoj/Documents/FINAL LAB RESOUSES/New folder (3)/PROCESSOR_6_BITS_FINAL2/PROCESSOR_6_BITS_FINAL/REG_BANK_8_6.vhf" sub01/vhpl122 1481712032
AR mux_8way_6bit behavioral "C:/Users/Nilanka Manoj/Documents/FINAL LAB RESOUSES/New folder (3)/PROCESSOR_6_BITS_FINAL2/PROCESSOR_6_BITS_FINAL/MUX_8WAY_6BIT.vhf" sub01/vhpl183 1481712127
EN or8_mxilinx_mux_8to1 NULL "C:/Users/Nilanka Manoj/Documents/FINAL LAB RESOUSES/New folder (3)/PROCESSOR_6_BITS_FINAL2/PROCESSOR_6_BITS_FINAL/MUX_8TO1.vhf" sub02/vhpl204 1481712162
AR and16_mxilinx_processor_6bits behavioral "C:/Users/Nilanka Manoj/Documents/FINAL LAB RESOUSES/New folder (3)/PROCESSOR_6_BITS_FINAL2/PROCESSOR_6_BITS_FINAL/PROCESSOR_6BITS.vhf" sub03/vhpl306 1481711903
EN pr_3_muser_processor_6bits NULL "C:/Users/Nilanka Manoj/Documents/FINAL LAB RESOUSES/New folder (3)/PROCESSOR_6_BITS_FINAL2/PROCESSOR_6_BITS_FINAL/PROCESSOR_6BITS.vhf" sub02/vhpl248 1481710594
AR or8_mxilinx_mux_8way_6bits_2 behavioral "C:/Users/Nilanka Manoj/Documents/FINAL LAB RESOUSES/New folder (3)/PROCESSOR_6_BITS_FINAL2/PROCESSOR_6_BITS_FINAL/MUX_8WAY_6BITS_2.vhf" sub01/vhpl107 1481712017
EN mux_2way_6bit NULL "C:/Users/Nilanka Manoj/Documents/FINAL LAB RESOUSES/New folder (3)/PROCESSOR_6_BITS_FINAL2/PROCESSOR_6_BITS_FINAL/MUX_2WAY_6BIT.vhf" sub01/vhpl164 1481712104
AR mux_8to1_muser_mux_8way_6bits_2 behavioral "C:/Users/Nilanka Manoj/Documents/FINAL LAB RESOUSES/New folder (3)/PROCESSOR_6_BITS_FINAL2/PROCESSOR_6_BITS_FINAL/MUX_8WAY_6BITS_2.vhf" sub01/vhpl109 1481712019
AR sequence_muser_seven_seg_final behavioral "C:/Users/Nilanka Manoj/Documents/FINAL LAB RESOUSES/New folder (3)/PROCESSOR_6_BITS_FINAL2/PROCESSOR_6_BITS_FINAL/SEVEN_SEG_FINAL.vhf" sub02/vhpl274 1481712049
AR decoder_3to8_muser_reg_bank_8_6 behavioral "C:/Users/Nilanka Manoj/Documents/FINAL LAB RESOUSES/New folder (3)/PROCESSOR_6_BITS_FINAL2/PROCESSOR_6_BITS_FINAL/REG_BANK_8_6.vhf" sub01/vhpl121 1481712031
AR fd_delay behavioral "C:/Users/Nilanka Manoj/Documents/FINAL LAB RESOUSES/New folder (3)/PROCESSOR_6_BITS_FINAL2/PROCESSOR_6_BITS_FINAL/FD_DELAY.vhf" sub01/vhpl159 1481712099
EN mux_8way_3bit_muser_mux_8way_6bits_2 NULL "C:/Users/Nilanka Manoj/Documents/FINAL LAB RESOUSES/New folder (3)/PROCESSOR_6_BITS_FINAL2/PROCESSOR_6_BITS_FINAL/MUX_8WAY_6BITS_2.vhf" sub01/vhpl110 1481712020
EN ftce_mxilinx_processor_6bits NULL "C:/Users/Nilanka Manoj/Documents/FINAL LAB RESOUSES/New folder (3)/PROCESSOR_6_BITS_FINAL2/PROCESSOR_6_BITS_FINAL/PROCESSOR_6BITS.vhf" sub03/vhpl307 1481711904
AR converter behavioral "C:/Users/Nilanka Manoj/Documents/FINAL LAB RESOUSES/New folder (3)/PROCESSOR_6_BITS_FINAL/CONVERTER.vhf" sub02/vhpl247 1481268790
AR system_clk_muser_processor_6bits behavioral "C:/Users/Nilanka Manoj/Documents/FINAL LAB RESOUSES/New folder (3)/PROCESSOR_6_BITS_FINAL2/PROCESSOR_6_BITS_FINAL/PROCESSOR_6BITS.vhf" sub03/vhpl316 1481711915
AR mux_2_t0_1_muser_mux_2_4 behavioral "C:/Users/Nilanka Manoj/Documents/FINAL LAB RESOUSES/New folder (3)/PROCESSOR_6_BITS_FINAL2/PROCESSOR_6_BITS_FINAL/MUX_2_4.vhf" sub01/vhpl103 1481712111
AR and_3_muser_processor_6bits behavioral "C:/Users/Nilanka Manoj/Documents/FINAL LAB RESOUSES/New folder (3)/PROCESSOR_6_BITS_FINAL2/PROCESSOR_6_BITS_FINAL/PROCESSOR_6BITS.vhf" sub00/vhpl13 1481711933
EN seven_seg_new_muser_processor_6bits NULL "C:/Users/Nilanka Manoj/Documents/FINAL LAB RESOUSES/New folder (3)/PROCESSOR_6_BITS_FINAL/PROCESSOR_6BITS.vhf" sub02/vhpl210 1481268661
AR reg_4_muser_counter_4 behavioral "C:/Users/Nilanka Manoj/Documents/FINAL LAB RESOUSES/New folder (3)/PROCESSOR_6_BITS_FINAL2/PROCESSOR_6_BITS_FINAL/COUNTER_4.vhf" sub00/vhpl77 1481711991
AR sys_clk_adepder behavioral "C:/Users/Nilanka Manoj/Documents/FINAL LAB RESOUSES/New folder (3)/PROCESSOR_6_BITS_FINAL2/PROCESSOR_6_BITS_FINAL/sys_clk_adepder.vhf" sub03/vhpl346 1481712145
EN and_3_muser_seven_seg_new NULL "C:/Users/Nilanka Manoj/Documents/FINAL LAB RESOUSES/New folder (3)/PROCESSOR_6_BITS_FINAL/SEVEN_SEG_NEW.vhf" sub02/vhpl234 1481268775
AR mux_8way_3bit_muser_seven_seg_6 behavioral "C:/Users/Nilanka Manoj/Documents/FINAL LAB RESOUSES/New folder (3)/PROCESSOR_6_BITS_FINAL/SEVEN_SEG_6.vhf" sub01/vhpl139 1481270009
AR mux_8way_3bit_muser_mux_8way_6bit behavioral "C:/Users/Nilanka Manoj/Documents/FINAL LAB RESOUSES/New folder (3)/PROCESSOR_6_BITS_FINAL2/PROCESSOR_6_BITS_FINAL/MUX_8WAY_6BIT.vhf" sub01/vhpl181 1481712125
AR sequence_2_muser_seven_seg_final behavioral "C:/Users/Nilanka Manoj/Documents/FINAL LAB RESOUSES/New folder (3)/PROCESSOR_6_BITS_FINAL2/PROCESSOR_6_BITS_FINAL/SEVEN_SEG_FINAL.vhf" sub02/vhpl276 1481712051
EN fd_delay_muser_seven_seg_final NULL "C:/Users/Nilanka Manoj/Documents/FINAL LAB RESOUSES/New folder (3)/PROCESSOR_6_BITS_FINAL2/PROCESSOR_6_BITS_FINAL/SEVEN_SEG_FINAL.vhf" sub02/vhpl277 1481712052
AR pr_2 behavioral "C:/Users/Nilanka Manoj/Documents/FINAL LAB RESOUSES/New folder (3)/PROCESSOR_6_BITS_FINAL2/PROCESSOR_6_BITS_FINAL/PR_2.vhf" sub01/vhpl117 1481712027
EN mux_2_4_muser_processor_6bits NULL "C:/Users/Nilanka Manoj/Documents/FINAL LAB RESOUSES/New folder (3)/PROCESSOR_6_BITS_FINAL2/PROCESSOR_6_BITS_FINAL/PROCESSOR_6BITS.vhf" sub00/vhpl52 1481711922
EN or8_mxilinx_mux_8way_6bit NULL "C:/Users/Nilanka Manoj/Documents/FINAL LAB RESOUSES/New folder (3)/PROCESSOR_6_BITS_FINAL2/PROCESSOR_6_BITS_FINAL/MUX_8WAY_6BIT.vhf" sub01/vhpl176 1481712120
EN sequence_muser_system_clk NULL "C:/Users/Nilanka Manoj/Documents/FINAL LAB RESOUSES/New folder (3)/PROCESSOR_6_BITS_FINAL2/PROCESSOR_6_BITS_FINAL/SYSTEM_CLK.vhf" sub03/vhpl347 1481711603
AR reg_4 behavioral "C:/Users/Nilanka Manoj/Documents/FINAL LAB RESOUSES/New folder (3)/PROCESSOR_6_BITS_FINAL2/PROCESSOR_6_BITS_FINAL/REG_4.vhf" sub01/vhpl185 1481712129
AR cnvert_2_muser_seven_seg_final behavioral "C:/Users/Nilanka Manoj/Documents/FINAL LAB RESOUSES/New folder (3)/PROCESSOR_6_BITS_FINAL2/PROCESSOR_6_BITS_FINAL/SEVEN_SEG_FINAL.vhf" sub02/vhpl260 1481712035
AR or8_mxilinx_seven_seg_final behavioral "C:/Users/Nilanka Manoj/Documents/FINAL LAB RESOUSES/New folder (3)/PROCESSOR_6_BITS_FINAL2/PROCESSOR_6_BITS_FINAL/SEVEN_SEG_FINAL.vhf" sub02/vhpl268 1481712043
AR mux_2_4_muser_seven_seg_final behavioral "C:/Users/Nilanka Manoj/Documents/FINAL LAB RESOUSES/New folder (3)/PROCESSOR_6_BITS_FINAL2/PROCESSOR_6_BITS_FINAL/SEVEN_SEG_FINAL.vhf" sub02/vhpl266 1481712041
AR mux_8way4_bit_muser_seven_seg_final behavioral "C:/Users/Nilanka Manoj/Documents/FINAL LAB RESOUSES/New folder (3)/PROCESSOR_6_BITS_FINAL2/PROCESSOR_6_BITS_FINAL/SEVEN_SEG_FINAL.vhf" sub02/vhpl272 1481712047
AR sequence_3_muser_processor_6bits behavioral "C:/Users/Nilanka Manoj/Documents/FINAL LAB RESOUSES/New folder (3)/PROCESSOR_6_BITS_FINAL2/PROCESSOR_6_BITS_FINAL/PROCESSOR_6BITS.vhf" sub03/vhpl350 1481710125
EN mux_8way_6bit NULL "C:/Users/Nilanka Manoj/Documents/FINAL LAB RESOUSES/New folder (3)/PROCESSOR_6_BITS_FINAL2/PROCESSOR_6_BITS_FINAL/MUX_8WAY_6BIT.vhf" sub01/vhpl182 1481712126
AR cnvert_2_muser_cnvert_3 behavioral "C:/Users/Nilanka Manoj/Documents/FINAL LAB RESOUSES/New folder (3)/PROCESSOR_6_BITS_FINAL2/PROCESSOR_6_BITS_FINAL/CNVERT_3.vhf" sub02/vhpl290 1481712085
EN sequence_muser_seven_seg_final NULL "C:/Users/Nilanka Manoj/Documents/FINAL LAB RESOUSES/New folder (3)/PROCESSOR_6_BITS_FINAL2/PROCESSOR_6_BITS_FINAL/SEVEN_SEG_FINAL.vhf" sub02/vhpl273 1481712048
AR cnvert_3_muser_processor_6bits behavioral "C:/Users/Nilanka Manoj/Documents/FINAL LAB RESOUSES/New folder (3)/PROCESSOR_6_BITS_FINAL2/PROCESSOR_6_BITS_FINAL/PROCESSOR_6BITS.vhf" sub02/vhpl256 1481711919
EN fd_delay_muser_seven_seg_6 NULL "C:/Users/Nilanka Manoj/Documents/FINAL LAB RESOUSES/New folder (3)/PROCESSOR_6_BITS_FINAL/SEVEN_SEG_6.vhf" sub01/vhpl128 1481269998
EN sequence_2_muser_seven_seg_final NULL "C:/Users/Nilanka Manoj/Documents/FINAL LAB RESOUSES/New folder (3)/PROCESSOR_6_BITS_FINAL2/PROCESSOR_6_BITS_FINAL/SEVEN_SEG_FINAL.vhf" sub02/vhpl275 1481712050
AR mux_8way_6bit_muser_seven_seg_final behavioral "C:/Users/Nilanka Manoj/Documents/FINAL LAB RESOUSES/New folder (3)/PROCESSOR_6_BITS_FINAL2/PROCESSOR_6_BITS_FINAL/SEVEN_SEG_FINAL.vhf" sub02/vhpl284 1481712059
EN or8_mxilinx_mux_8way_3bit NULL "C:/Users/Nilanka Manoj/Documents/FINAL LAB RESOUSES/New folder (3)/PROCESSOR_6_BITS_FINAL2/PROCESSOR_6_BITS_FINAL/MUX_8WAY_3BIT.vhf" sub01/vhpl196 1481712154
EN mux_8way_6bit_muser_seven_seg_final NULL "C:/Users/Nilanka Manoj/Documents/FINAL LAB RESOUSES/New folder (3)/PROCESSOR_6_BITS_FINAL2/PROCESSOR_6_BITS_FINAL/SEVEN_SEG_FINAL.vhf" sub02/vhpl283 1481712058
EN and_3 NULL "C:/Users/Nilanka Manoj/Documents/FINAL LAB RESOUSES/New folder (3)/PROCESSOR_6_BITS_FINAL2/PROCESSOR_6_BITS_FINAL/AND_3.vhf" sub01/vhpl146 1481712082
EN system_clk NULL "C:/Users/Nilanka Manoj/Documents/FINAL LAB RESOUSES/New folder (3)/PROCESSOR_6_BITS_FINAL2/PROCESSOR_6_BITS_FINAL/SYSTEM_CLK.vhf" sub03/vhpl333 1481712080
EN lut_muser_seven_seg_new NULL "C:/Users/Nilanka Manoj/Documents/FINAL LAB RESOUSES/New folder (3)/PROCESSOR_6_BITS_FINAL/SEVEN_SEG_NEW.vhf" sub02/vhpl216 1481268757
EN mux_8way_3bit NULL "C:/Users/Nilanka Manoj/Documents/FINAL LAB RESOUSES/New folder (3)/PROCESSOR_6_BITS_FINAL2/PROCESSOR_6_BITS_FINAL/MUX_8WAY_3BIT.vhf" sub02/vhpl200 1481712158
AR converter_muser_processor_6bits behavioral "C:/Users/Nilanka Manoj/Documents/FINAL LAB RESOUSES/New folder (3)/PROCESSOR_6_BITS_FINAL/PROCESSOR_6BITS.vhf" sub02/vhpl209 1481268642
AR nor6_mxilinx_processor_6bits behavioral "C:/Users/Nilanka Manoj/Documents/FINAL LAB RESOUSES/New folder (3)/PROCESSOR_6_BITS_FINAL2/PROCESSOR_6_BITS_FINAL/PROCESSOR_6BITS.vhf" sub00/vhpl17 1481711957
EN cb16ce_mxilinx_sys_clk_adepder NULL "C:/Users/Nilanka Manoj/Documents/FINAL LAB RESOUSES/New folder (3)/PROCESSOR_6_BITS_FINAL2/PROCESSOR_6_BITS_FINAL/sys_clk_adepder.vhf" sub03/vhpl343 1481712142
EN mux_2_t0_1_muser_ins_dec_2 NULL "C:/Users/Nilanka Manoj/Documents/FINAL LAB RESOUSES/New folder (3)/PROCESSOR_6_BITS_FINAL2/PROCESSOR_6_BITS_FINAL/INS_DEC_2.vhf" sub00/vhpl94 1481712008
AR mux_2way_6bit_muser_ins_dec_2 behavioral "C:/Users/Nilanka Manoj/Documents/FINAL LAB RESOUSES/New folder (3)/PROCESSOR_6_BITS_FINAL2/PROCESSOR_6_BITS_FINAL/INS_DEC_2.vhf" sub00/vhpl83 1481711997
AR sequence behavioral "C:/Users/Nilanka Manoj/Documents/FINAL LAB RESOUSES/New folder (3)/PROCESSOR_6_BITS_FINAL2/PROCESSOR_6_BITS_FINAL/SEQUENCE.vhf" sub01/vhpl189 1481712133
EN cb8ce_mxilinx_system_clk NULL "C:/Users/Nilanka Manoj/Documents/FINAL LAB RESOUSES/New folder (3)/PROCESSOR_6_BITS_FINAL2/PROCESSOR_6_BITS_FINAL/SYSTEM_CLK.vhf" sub03/vhpl323 1481712072
